 balldetection_sfun

 Timestamp is 6a06bb4a (Fri May 15 15:20:58 2026)

 Preferred load address is 0000000180000000

 Start         Length     Name                   Class
 0001:00000000 0000f910H .text$mn                CODE
 0001:0000f910 00000036H .text$mn$00             CODE
 0001:0000f946 00000092H .text$x                 CODE
 0002:00000000 00000408H .idata$5                DATA
 0002:00000408 00000038H .00cfg                  DATA
 0002:00000440 00000008H .CRT$XCA                DATA
 0002:00000448 00000008H .CRT$XCZ                DATA
 0002:00000450 00000008H .CRT$XIA                DATA
 0002:00000458 00000008H .CRT$XIZ                DATA
 0002:00000460 00000008H .CRT$XPA                DATA
 0002:00000468 00000008H .CRT$XPZ                DATA
 0002:00000470 00000008H .CRT$XTA                DATA
 0002:00000478 00000008H .CRT$XTZ                DATA
 0002:00000480 00000000H .gehcont$y              DATA
 0002:00000480 00000000H .gfids$y                DATA
 0002:00000480 00000280H .rdata                  DATA
 0002:00000700 00000080H .rdata$CastGuardVftablesA DATA
 0002:00000780 00000080H .rdata$CastGuardVftablesC DATA
 0002:00000800 00000174H .rdata$voltmd           DATA
 0002:00000974 0000027cH .rdata$zzzdbg           DATA
 0002:00000bf0 00000008H .rtc$IAA                DATA
 0002:00000bf8 00000008H .rtc$IZZ                DATA
 0002:00000c00 00000008H .rtc$TAA                DATA
 0002:00000c08 00000008H .rtc$TZZ                DATA
 0002:00000c10 000009e0H .xdata                  DATA
 0002:000015f0 0000007cH .edata                  DATA
 0002:0000166c 000000f0H .idata$2                DATA
 0002:0000175c 00000014H .idata$3                DATA
 0002:00001770 00000408H .idata$4                DATA
 0002:00001b78 00000b16H .idata$6                DATA
 0003:00000000 00003170H .data                   DATA
 0003:00003170 00000c30H .bss                    DATA
 0004:00000000 00000c18H .pdata                  DATA

  Address         Publics by Value              Rva+Base               Lib:Object

 0000:00000000       __AbsoluteZero             0000000000000000     <absolute>
 0000:00000000       ___safe_se_handler_count   0000000000000000     <absolute>
 0000:00000000       ___safe_se_handler_table   0000000000000000     <absolute>
 0000:00000000       __arm64x_extra_rfe_table   0000000000000000     <absolute>
 0000:00000000       __arm64x_extra_rfe_table_size 0000000000000000     <absolute>
 0000:00000000       __arm64x_native_entrypoint 0000000000000000     <absolute>
 0000:00000000       __arm64x_redirection_metadata 0000000000000000     <absolute>
 0000:00000000       __arm64x_redirection_metadata_count 0000000000000000     <absolute>
 0000:00000000       __dynamic_value_reloc_table 0000000000000000     <absolute>
 0000:00000000       __enclave_config           0000000000000000     <absolute>
 0000:00000000       __guard_check_icall_a64n_fptr 0000000000000000     <absolute>
 0000:00000000       __guard_eh_cont_count      0000000000000000     <absolute>
 0000:00000000       __guard_eh_cont_table      0000000000000000     <absolute>
 0000:00000000       __guard_fids_count         0000000000000000     <absolute>
 0000:00000000       __guard_fids_table         0000000000000000     <absolute>
 0000:00000000       __guard_iat_count          0000000000000000     <absolute>
 0000:00000000       __guard_iat_table          0000000000000000     <absolute>
 0000:00000000       __guard_longjmp_count      0000000000000000     <absolute>
 0000:00000000       __guard_longjmp_table      0000000000000000     <absolute>
 0000:00000000       __hybrid_auxiliary_delayload_iat 0000000000000000     <absolute>
 0000:00000000       __hybrid_auxiliary_delayload_iat_copy 0000000000000000     <absolute>
 0000:00000000       __hybrid_auxiliary_iat     0000000000000000     <absolute>
 0000:00000000       __hybrid_auxiliary_iat_copy 0000000000000000     <absolute>
 0000:00000000       __hybrid_code_map          0000000000000000     <absolute>
 0000:00000000       __hybrid_code_map_count    0000000000000000     <absolute>
 0000:00000000       __x64_code_ranges_to_entry_points 0000000000000000     <absolute>
 0000:00000000       __x64_code_ranges_to_entry_points_count 0000000000000000     <absolute>
 0000:00000100       __guard_flags              0000000000000100     <absolute>
 0000:00000000       __ImageBase                0000000180000000     <linker-defined>
 0001:00000000       balldetection_initializer  0000000180001000 f   balldetection_sfun.obj
 0001:00000010       balldetection_terminator   0000000180001010 f   balldetection_sfun.obj
 0001:00000020       load_balldetection_optimization_info 0000000180001020 f   balldetection_sfun.obj
 0001:000000d0       unload_balldetection_optimization_info 00000001800010d0 f   balldetection_sfun.obj
 0001:00000100       sf_balldetection_method_dispatcher 0000000180001100 f   balldetection_sfun.obj
 0001:00000150       sf_balldetection_process_check_sum_call 0000000180001150 f   balldetection_sfun.obj
 0001:00000640       sf_balldetection_get_eml_resolved_functions_info 0000000180001640 f   balldetection_sfun.obj
 0001:00000820       sf_balldetection_third_party_uses_info 0000000180001820 f   balldetection_sfun.obj
 0001:000009f0       sf_balldetection_jit_fallback_info 00000001800019f0 f   balldetection_sfun.obj
 0001:00000bc0       sf_balldetection_get_post_codegen_info 0000000180001bc0 f   balldetection_sfun.obj
 0001:00000da0       sf_balldetection_updateBuildInfo_args_info 0000000180001da0 f   balldetection_sfun.obj
 0001:00000f70       balldetection_register_exported_symbols 0000000180001f70 f   balldetection_sfun.obj
 0001:00000f80       sf_c2_balldetection_get_eml_resolved_functions_info 0000000180001f80 f   c2_balldetection.obj
 0001:00001000       sf_c2_balldetection_get_check_sum 0000000180002000 f   c2_balldetection.obj
 0001:000010d0       c2_balldetection_method_dispatcher 00000001800020d0 f   c2_balldetection.obj
 0001:00002960       sf_c2_balldetection_third_party_uses_info 0000000180003960 f   c2_balldetection.obj
 0001:000029b0       sf_c2_balldetection_jit_fallback_info 00000001800039b0 f   c2_balldetection.obj
 0001:00002b40       sf_c2_balldetection_updateBuildInfo_args_info 0000000180003b40 f   c2_balldetection.obj
 0001:00002f00       sf_c2_balldetection_get_post_codegen_info 0000000180003f00 f   c2_balldetection.obj
 0001:00003400       mexFunction                0000000180004400 f   balldetection_sfun_registry.obj
 0001:00005cd0       _ssSetInputPortDirectFeedThroughFcn 0000000180006cd0 f   balldetection_sfun_registry.obj
 0001:00005e40       _ssSetRWorkValueFcn        0000000180006e40 f   balldetection_sfun_registry.obj
 0001:00005ec0       _ssGetRWorkValueFcn        0000000180006ec0 f   balldetection_sfun_registry.obj
 0001:00005f30       _ssSetIWorkValueFcn        0000000180006f30 f   balldetection_sfun_registry.obj
 0001:00005fb0       _ssGetIWorkValueFcn        0000000180006fb0 f   balldetection_sfun_registry.obj
 0001:00006020       _ssSetPWorkValueFcn        0000000180007020 f   balldetection_sfun_registry.obj
 0001:000060a0       _ssGetPWorkValueFcn        00000001800070a0 f   balldetection_sfun_registry.obj
 0001:00006110       _ssGetInputPortSignalFcn   0000000180007110 f   balldetection_sfun_registry.obj
 0001:000064a0       _ssGetInputPortBufferDstPortFcn 00000001800074a0 f   balldetection_sfun_registry.obj
 0001:00006520       _ssGetInputPortSignalPtrsFcn 0000000180007520 f   balldetection_sfun_registry.obj
 0001:000068b0       ssGetParameterTuningCompliance 00000001800078b0 f   balldetection_sfun_registry.obj
 0001:00006920       _ssReadInputStringFcn      0000000180007920 f   balldetection_sfun_registry.obj
 0001:00006990       ssGetDTypeIdFromMxArray    0000000180007990 f   balldetection_sfun_registry.obj
 0001:00006ab0       ssWriteRTWMx2dMatParam     0000000180007ab0 f   balldetection_sfun_registry.obj
 0001:00006b40       ssWriteRTWMxVectParam      0000000180007b40 f   balldetection_sfun_registry.obj
 0001:00006bc0       ssWriteRTWParameters       0000000180007bc0 f   balldetection_sfun_registry.obj
 0001:00007180       ssWriteRTWParamSettings    0000000180008180 f   balldetection_sfun_registry.obj
 0001:00007870       ssWriteRTWStr              0000000180008870 f   balldetection_sfun_registry.obj
 0001:000078d0       ssWriteRTWWorkVect         00000001800088d0 f   balldetection_sfun_registry.obj
 0001:00007e30       ssWarning                  0000000180008e30 f   balldetection_sfun_registry.obj
 0001:00007f20       ssGetRootSS                0000000180008f20 f   balldetection_sfun_registry.obj
 0001:00007fe0       ssGetParentSS              0000000180008fe0 f   balldetection_sfun_registry.obj
 0001:000080a0       ssWriteRTWNameValuePair    00000001800090a0 f   balldetection_sfun_registry.obj
 0001:000085a0       _ssSetInputPortMatrixDimensions 00000001800095a0 f   balldetection_sfun_registry.obj
 0001:000086f0       _ssSetOutputPortMatrixDimensions 00000001800096f0 f   balldetection_sfun_registry.obj
 0001:00008840       _ssSetInputPortVectorDimension 0000000180009840 f   balldetection_sfun_registry.obj
 0001:000088f0       _ssSetOutputPortVectorDimension 00000001800098f0 f   balldetection_sfun_registry.obj
 0001:000089a0       ssIsRunTimeParamTunable    00000001800099a0 f   balldetection_sfun_registry.obj
 0001:00008a10       ssGetSFuncBlockHandle      0000000180009a10 f   balldetection_sfun_registry.obj
 0001:00008a80       _ssGetCallSystemNumFcnCallDestinations 0000000180009a80 f   balldetection_sfun_registry.obj
 0001:00008af0       _ssGetCurrentInputPortWidth 0000000180009af0 f   balldetection_sfun_registry.obj
 0001:00008c30       _ssGetCurrentOutputPortWidth 0000000180009c30 f   balldetection_sfun_registry.obj
 0001:00008d70       ssGetIsZeroCrossControlDisabled 0000000180009d70 f   balldetection_sfun_registry.obj
 0001:00008de0       ssSetIsInputPortUsedForContZcSignal 0000000180009de0 f   balldetection_sfun_registry.obj
 0001:00008e50       ssSetZcSignalIsZcElementDisc 0000000180009e50 f   balldetection_sfun_registry.obj
 0001:00008f00       ssSetZcSignalName          0000000180009f00 f   balldetection_sfun_registry.obj
 0001:00008f70       ssSetZcSignalWidth         0000000180009f70 f   balldetection_sfun_registry.obj
 0001:00008fe0       ssSetZcSignalZcEventType   0000000180009fe0 f   balldetection_sfun_registry.obj
 0001:00009050       ssSetZcSignalType          000000018000a050 f   balldetection_sfun_registry.obj
 0001:000090c0       ssSetZcSignalZcTol         000000018000a0c0 f   balldetection_sfun_registry.obj
 0001:00009130       ssSetZcSignalNeedsEventNotification 000000018000a130 f   balldetection_sfun_registry.obj
 0001:000091a0       ssCreateAndAddZcSignalInfo 000000018000a1a0 f   balldetection_sfun_registry.obj
 0001:00009210       ssCloneAndAddZcSignalInfo  000000018000a210 f   balldetection_sfun_registry.obj
 0001:00009280       ssGetNumZcSignals          000000018000a280 f   balldetection_sfun_registry.obj
 0001:000092f0       ssGetZcSignalVector        000000018000a2f0 f   balldetection_sfun_registry.obj
 0001:00009360       ssGetZcSignalName          000000018000a360 f   balldetection_sfun_registry.obj
 0001:000093d0       ssGetZcSignalWidth         000000018000a3d0 f   balldetection_sfun_registry.obj
 0001:00009440       ssGetZcSignalZcEventType   000000018000a440 f   balldetection_sfun_registry.obj
 0001:000094b0       ssGetZcSignalZcEvents      000000018000a4b0 f   balldetection_sfun_registry.obj
 0001:00009520       ssGetZcSignalType          000000018000a520 f   balldetection_sfun_registry.obj
 0001:00009590       ssGetZcSignalZcTol         000000018000a590 f   balldetection_sfun_registry.obj
 0001:00009610       ssGetZcSignalNeedsEventNotification 000000018000a610 f   balldetection_sfun_registry.obj
 0001:00009680       ssGetZcSignalIsZcElementDisc 000000018000a680 f   balldetection_sfun_registry.obj
 0001:00009720       ssGetIsInputPortElementContinuous 000000018000a720 f   balldetection_sfun_registry.obj
 0001:000097c0       _ssGetAbsTol               000000018000a7c0 f   balldetection_sfun_registry.obj
 0001:00009830       _ssSetStateAbsTol          000000018000a830 f   balldetection_sfun_registry.obj
 0001:00009910       _ssSetInputPortReusableFcn 000000018000a910 f   balldetection_sfun_registry.obj
 0001:00009a10       _ssSetOutputPortReusableFcn 000000018000aa10 f   balldetection_sfun_registry.obj
 0001:00009b10       _ssSetSymbolicDimsSupport  000000018000ab10 f   balldetection_sfun_registry.obj
 0001:00009b80       _ssRegisterSymbolicDimsExpr 000000018000ab80 f   balldetection_sfun_registry.obj
 0001:00009c00       _ssRegisterSymbolicDimsMATLABExpr 000000018000ac00 f   balldetection_sfun_registry.obj
 0001:00009c90       _ssRegisterSymbolicDims    000000018000ac90 f   balldetection_sfun_registry.obj
 0001:00009d30       _ssRegisterSymbolicDimsString 000000018000ad30 f   balldetection_sfun_registry.obj
 0001:00009db0       _ssRegisterSymbolicDimsIntValue 000000018000adb0 f   balldetection_sfun_registry.obj
 0001:00009e20       _ssRegisterSymbolicEqualRelation 000000018000ae20 f   balldetection_sfun_registry.obj
 0001:00009e90       _ssRegisterSymbolicEqualValue 000000018000ae90 f   balldetection_sfun_registry.obj
 0001:00009f00       _ssAmendLeadingSymbolicDims 000000018000af00 f   balldetection_sfun_registry.obj
 0001:00009f80       _ssAmendTrailingSymbolicDims 000000018000af80 f   balldetection_sfun_registry.obj
 0001:0000a000       _ssRegisterSymbolicDimsPlus 000000018000b000 f   balldetection_sfun_registry.obj
 0001:0000a080       _ssRegisterSymbolicDimsMinus 000000018000b080 f   balldetection_sfun_registry.obj
 0001:0000a100       _ssRegisterSymbolicDimsMultiply 000000018000b100 f   balldetection_sfun_registry.obj
 0001:0000a180       _ssRegisterSymbolicDimsDivide 000000018000b180 f   balldetection_sfun_registry.obj
 0001:0000a200       _ssGetNumSymbolicDims      000000018000b200 f   balldetection_sfun_registry.obj
 0001:0000a270       _ssGetSymbolicDim          000000018000b270 f   balldetection_sfun_registry.obj
 0001:0000a2f0       _ssSetInputPortSymbolicDimsId 000000018000b2f0 f   balldetection_sfun_registry.obj
 0001:0000a360       _ssGetCompInputPortSymbolicDimsId 000000018000b360 f   balldetection_sfun_registry.obj
 0001:0000a3d0       _ssSetCompInputPortSymbolicDimsId 000000018000b3d0 f   balldetection_sfun_registry.obj
 0001:0000a440       _ssSetOutputPortSymbolicDimsId 000000018000b440 f   balldetection_sfun_registry.obj
 0001:0000a4b0       _ssGetCompOutputPortSymbolicDimsId 000000018000b4b0 f   balldetection_sfun_registry.obj
 0001:0000a520       _ssSetCompOutputPortSymbolicDimsId 000000018000b520 f   balldetection_sfun_registry.obj
 0001:0000a590       _ssGetDWorkSymbolicDimsId  000000018000b590 f   balldetection_sfun_registry.obj
 0001:0000a600       _ssSetDWorkSymbolicDimsId  000000018000b600 f   balldetection_sfun_registry.obj
 0001:0000a670       _ssGetCompDWorkSymbolicDimsId 000000018000b670 f   balldetection_sfun_registry.obj
 0001:0000a6e0       _ssSetCompDWorkSymbolicDimsId 000000018000b6e0 f   balldetection_sfun_registry.obj
 0001:0000a750       _ssCreateSLCGStringBuffer  000000018000b750 f   balldetection_sfun_registry.obj
 0001:0000a7c0       _ssAddToSLCGStringBuffer   000000018000b7c0 f   balldetection_sfun_registry.obj
 0001:0000a830       _ssGetPointerContainedData 000000018000b830 f   balldetection_sfun_registry.obj
 0001:0000a8c0       _ssGetPointerContainedDataWidth 000000018000b8c0 f   balldetection_sfun_registry.obj
 0001:0000a950       _ssRegisterDynamicArrayDataTypeFcn 000000018000b950 f   balldetection_sfun_registry.obj
 0001:0000a9f0       _ssGetDynamicArrayContainedDataCurrentWidthFcn 000000018000b9f0 f   balldetection_sfun_registry.obj
 0001:0000aac0       _ssGetDynamicArrayContainedDataFcn 000000018000bac0 f   balldetection_sfun_registry.obj
 0001:0000ab90       _ssGetInputPortDynamicArrayDataFcn 000000018000bb90 f   balldetection_sfun_registry.obj
 0001:0000ac50       _ssGetOutputPortDynamicArrayDataFcn 000000018000bc50 f   balldetection_sfun_registry.obj
 0001:0000ad10       _ssGetInputPortDynamicArrayContainedDataFcn 000000018000bd10 f   balldetection_sfun_registry.obj
 0001:0000add0       _ssGetOutputPortDynamicArrayContainedDataFcn 000000018000bdd0 f   balldetection_sfun_registry.obj
 0001:0000ae90       _ssGetDynamicArrayDWorkContainedDataFcn 000000018000be90 f   balldetection_sfun_registry.obj
 0001:0000af50       sf_process_check_sum_call  000000018000bf50 f   balldetection_sfun_registry.obj
 0001:0000afa0       sf_process_get_third_party_uses_info_call 000000018000bfa0 f   balldetection_sfun_registry.obj
 0001:0000b1d0       sf_process_get_jit_fallback_info_call 000000018000c1d0 f   balldetection_sfun_registry.obj
 0001:0000b400       sf_process_get_post_codegen_info_call 000000018000c400 f   balldetection_sfun_registry.obj
 0001:0000b630       sf_process_get_updateBuildInfo_args_info_call 000000018000c630 f   balldetection_sfun_registry.obj
 0001:0000b860       sf_process_get_eml_resolved_functions_info_call 000000018000c860 f   balldetection_sfun_registry.obj
 0001:0000ba90       sf_mex_unlock_call         000000018000ca90 f   balldetection_sfun_registry.obj
 0001:0000bcb0       sf_machine_global_initializer_called 000000018000ccb0 f   balldetection_sfun_registry.obj
 0001:0000bce0       sf_machine_global_method_dispatcher 000000018000cce0 f   balldetection_sfun_registry.obj
 0001:0000bd40       sf_machine_global_terminator 000000018000cd40 f   balldetection_sfun_registry.obj
 0001:0000bd70       sf_register_machine_exported_symbols 000000018000cd70 f   balldetection_sfun_registry.obj
 0001:0000bd90       callCustomFcn              000000018000cd90 f   balldetection_sfun_registry.obj
 0001:0000bda0       sf_machine_global_initializer 000000018000cda0 f   balldetection_sfun_registry.obj
 0001:0000be10       mdlGetSimState             000000018000ce10 f   balldetection_sfun_registry.obj
 0001:0000be50       mdlSetSimState             000000018000ce50 f   balldetection_sfun_registry.obj
 0001:0000c7c0       ProcessMexSfunctionEveryCall 000000018000d7c0 f   balldetection_sfun_registry.obj
 0001:0000d940       __local_stdio_printf_options 000000018000e940 f i balldetection_sfun_registry.obj
 0001:0000d950       _vsnprintf_l               000000018000e950 f i balldetection_sfun_registry.obj
 0001:0000d9d0       _vsprintf_l                000000018000e9d0 f i balldetection_sfun_registry.obj
 0001:0000da20       sprintf                    000000018000ea20 f i balldetection_sfun_registry.obj
 0001:0000da70       mexfilerequiredapiversion  000000018000ea70 f   c_mexapi_version.obj
 0001:0000daa0       getBitfieldFromFloat       000000018000eaa0 f   half_type.obj
 0001:0000dad0       getFloatFromBitfield       000000018000ead0 f   half_type.obj
 0001:0000db00       getBitfieldFromHalf        000000018000eb00 f   half_type.obj
 0001:0000db20       getHalfFromBitfield        000000018000eb20 f   half_type.obj
 0001:0000db50       halfToFloat                000000018000eb50 f   half_type.obj
 0001:0000dc00       halfToDouble               000000018000ec00 f   half_type.obj
 0001:0000dc30       floatToHalf                000000018000ec30 f   half_type.obj
 0001:0000de90       doubleToHalf               000000018000ee90 f   half_type.obj
 0001:0000e17c       rgb2hsv_tbb_real32         000000018000f17c f   libmwrgb2hsv_tbb:libmwrgb2hsv_tbb.dll
 0001:0000e182       sf_load_rtw_optimization_info 000000018000f182 f   sf_runtime:sf_runtime.dll
 0001:0000e188       sf_mex_decode              000000018000f188 f   sf_runtime:sf_runtime.dll
 0001:0000e18e       sf_init_ChartRunTimeInfo   000000018000f18e f   sf_runtime:sf_runtime.dll
 0001:0000e194       sf_free_ChartRunTimeInfo   000000018000f194 f   sf_runtime:sf_runtime.dll
 0001:0000e19a       sf_reset_warnings_ChartRunTimeInfo 000000018000f19a f   sf_runtime:sf_runtime.dll
 0001:0000e1a0       sfrtGetEmlrtCtx            000000018000f1a0 f   sf_runtime:sf_runtime.dll
 0001:0000e1a6       sfrtGetCovrtInstance       000000018000f1a6 f   sf_runtime:sf_runtime.dll
 0001:0000e1ac       sf_get_chart_instance_ptr  000000018000f1ac f   sf_runtime:sf_runtime.dll
 0001:0000e1b2       sim_mode_is_rtw_gen        000000018000f1b2 f   sf_runtime:sf_runtime.dll
 0001:0000e1b8       sim_mode_is_external       000000018000f1b8 f   sf_runtime:sf_runtime.dll
 0001:0000e1be       sf_clear_rtw_identifier    000000018000f1be f   sf_runtime:sf_runtime.dll
 0001:0000e1c4       sf_get_time                000000018000f1c4 f   sf_runtime:sf_runtime.dll
 0001:0000e1ca       sfDoAnimationWrapper       000000018000f1ca f   sf_runtime:sf_runtime.dll
 0001:0000e1d0       setDataBrowseFcn           000000018000f1d0 f   sf_runtime:sf_runtime.dll
 0001:0000e1d6       setDebuggerFlag            000000018000f1d6 f   sf_runtime:sf_runtime.dll
 0001:0000e1dc       sf_warn_if_symbolic_dimension_param_changed 000000018000f1dc f   sf_runtime:sf_runtime.dll
 0001:0000e1e2       sf_set_work_widths         000000018000f1e2 f   sf_runtime:sf_runtime.dll
 0001:0000e1e8       sfListenerCacheSimStruct   000000018000f1e8 f   sf_runtime:sf_runtime.dll
 0001:0000e1ee       sfListenerLightTerminate   000000018000f1ee f   sf_runtime:sf_runtime.dll
 0001:0000e1f4       sfListenerInitializeRuntimeVars 000000018000f1f4 f   sf_runtime:sf_runtime.dll
 0001:0000e1fa       sf_mex_error_message       000000018000f1fa f   sf_runtime:sf_runtime.dll
 0001:0000e200       sf_mex_create              000000018000f200 f   sf_runtime:sf_runtime.dll
 0001:0000e206       sf_mex_createcellmatrix    000000018000f206 f   sf_runtime:sf_runtime.dll
 0001:0000e20c       sf_mex_setcell             000000018000f20c f   sf_runtime:sf_runtime.dll
 0001:0000e212       sf_mex_getcell             000000018000f212 f   sf_runtime:sf_runtime.dll
 0001:0000e218       sf_mex_assign              000000018000f218 f   sf_runtime:sf_runtime.dll
 0001:0000e21e       sf_mex_dup                 000000018000f21e f   sf_runtime:sf_runtime.dll
 0001:0000e224       sf_mex_destroy             000000018000f224 f   sf_runtime:sf_runtime.dll
 0001:0000e22a       sf_mex_import              000000018000f22a f   sf_runtime:sf_runtime.dll
 0001:0000e230       ssGetInputPortSignal_wrapper 000000018000f230 f   sf_runtime:sf_runtime.dll
 0001:0000e236       ssGetOutputPortSignal_wrapper 000000018000f236 f   sf_runtime:sf_runtime.dll
 0001:0000e23c       sf_get_ChartInfoStruct_CodeGen 000000018000f23c f   sf_runtime:sf_runtime.dll
 0001:0000e242       sf_get_hasSeparateUpdateOutputs 000000018000f242 f   sf_runtime:sf_runtime.dll
 0001:0000e248       callMdlMethodAndReportError 000000018000f248 f   sf_runtime:sf_runtime.dll
 0001:0000e24e       call_sf_machine_global_method_dispatcher 000000018000f24e f   sf_runtime:sf_runtime.dll
 0001:0000e254       getRuntimeInstanceInfoAsVoid 000000018000f254 f   sf_runtime:sf_runtime.dll
 0001:0000e25a       sf_mex_error_direct_call   000000018000f25a f   sf_runtime:sf_runtime.dll
 0001:0000e260       sf_clear_error_manager_info 000000018000f260 f   sf_runtime:sf_runtime.dll
 0001:0000e266       mxIsChar_800               000000018000f266 f   libmx:libmx.dll
 0001:0000e26c       mxGetScalar_800            000000018000f26c f   libmx:libmx.dll
 0001:0000e272       mxGetPr_800                000000018000f272 f   libmx:libmx.dll
 0001:0000e278       mxDestroyArray_800         000000018000f278 f   libmx:libmx.dll
 0001:0000e27e       mxCreateDoubleMatrix_800   000000018000f27e f   libmx:libmx.dll
 0001:0000e284       mxGetString_800            000000018000f284 f   libmx:libmx.dll
 0001:0000e28a       mxDuplicateArray_800       000000018000f28a f   libmx:libmx.dll
 0001:0000e290       mxSetCell_800              000000018000f290 f   libmx:libmx.dll
 0001:0000e296       mxSetField_800             000000018000f296 f   libmx:libmx.dll
 0001:0000e29c       mxCreateString_800         000000018000f29c f   libmx:libmx.dll
 0001:0000e2a2       mxCreateCellMatrix_800     000000018000f2a2 f   libmx:libmx.dll
 0001:0000e2a8       mxCreateStructMatrix_800   000000018000f2a8 f   libmx:libmx.dll
 0001:0000e2ae       mxCalloc_800               000000018000f2ae f   libmx:libmx.dll
 0001:0000e2b4       mxGetM_800                 000000018000f2b4 f   libmx:libmx.dll
 0001:0000e2ba       mxGetClassID_800           000000018000f2ba f   libmx:libmx.dll
 0001:0000e2c0       mxIsNumeric_800            000000018000f2c0 f   libmx:libmx.dll
 0001:0000e2c6       mxIsComplex_800            000000018000f2c6 f   libmx:libmx.dll
 0001:0000e2cc       mxGetN_800                 000000018000f2cc f   libmx:libmx.dll
 0001:0000e2d2       mxCreateDoubleScalar_800   000000018000f2d2 f   libmx:libmx.dll
 0001:0000e2d8       mexMakeArrayPersistent_800 000000018000f2d8 f   libmex:libmex.dll
 0001:0000e2de       mexErrMsgTxt_800           000000018000f2de f   libmex:libmex.dll
 0001:0000e2e4       mexWarnMsgTxt_800          000000018000f2e4 f   libmex:libmex.dll
 0001:0000e2ea       mexCallMATLAB_800          000000018000f2ea f   libmex:libmex.dll
 0001:0000e2f0       mexLock_800                000000018000f2f0 f   libmex:libmex.dll
 0001:0000e2f6       mexUnlock_800              000000018000f2f6 f   libmex:libmex.dll
 0001:0000e2fc       mexIsLocked_800            000000018000f2fc f   libmex:libmex.dll
 0001:0000e302       utMalloc                   000000018000f302 f   libut:libut.dll
 0001:0000e308       utFree                     000000018000f308 f   libut:libut.dll
 0001:0000e30e       covrtCreateStateflowInstanceData 000000018000f30e f   libcovrt:libcovrt.dll
 0001:0000e314       covrtDeleteStateflowInstanceData 000000018000f314 f   libcovrt:libcovrt.dll
 0001:0000e31a       covrtTransInitFcn          000000018000f31a f   libcovrt:libcovrt.dll
 0001:0000e320       covrtStateInitFcn          000000018000f320 f   libcovrt:libcovrt.dll
 0001:0000e326       covrtChartInitFcn          000000018000f326 f   libcovrt:libcovrt.dll
 0001:0000e32c       covrtSigUpdateFcn          000000018000f32c f   libcovrt:libcovrt.dll
 0001:0000e332       covrtEmlInitFcn            000000018000f332 f   libcovrt:libcovrt.dll
 0001:0000e338       covrtEmlFcnInitFcn         000000018000f338 f   libcovrt:libcovrt.dll
 0001:0000e33e       covrtEmlFcnEval            000000018000f33e f   libcovrt:libcovrt.dll
 0001:0000e344       __raise_securityfailure    000000018000f344 f   MSVCRT:gs_report.obj
 0001:0000e378       __report_gsfailure         000000018000f378 f   MSVCRT:gs_report.obj
 0001:0000e44c       __report_rangecheckfailure 000000018000f44c f   MSVCRT:gs_report.obj
 0001:0000e460       __report_securityfailure   000000018000f460 f   MSVCRT:gs_report.obj
 0001:0000e4fc       __report_securityfailureEx 000000018000f4fc f   MSVCRT:gs_report.obj
 0001:0000e6f0       __GSHandlerCheck           000000018000f6f0 f   MSVCRT:gshandler.obj
 0001:0000e710       __GSHandlerCheckCommon     000000018000f710 f   MSVCRT:gshandler.obj
 0001:0000e780       __security_check_cookie    000000018000f780 f   MSVCRT:amdsecgs.obj
 0001:0000eadc       _CRT_INIT                  000000018000fadc f   MSVCRT:dll_dllmain.obj
 0001:0000eae4       _DllMainCRTStartup         000000018000fae4 f   MSVCRT:dll_dllmain.obj
 0001:0000eb90       __security_init_cookie     000000018000fb90 f   MSVCRT:gs_support.obj
 0001:0000ec3c       DllMain                    000000018000fc3c f   MSVCRT:dll_dllmain_stub.obj
 0001:0000ec60       ?__scrt_initialize_type_info@@YAXXZ 000000018000fc60 f   MSVCRT:tncleanup.obj
 0001:0000ec70       ?__scrt_uninitialize_type_info@@YAXXZ 000000018000fc70 f   MSVCRT:tncleanup.obj
 0001:0000ec7c       __local_stdio_scanf_options 000000018000fc7c f i MSVCRT:default_local_stdio_options.obj
 0001:0000ec84       __scrt_initialize_default_local_stdio_options 000000018000fc84 f   MSVCRT:default_local_stdio_options.obj
 0001:0000eca0       ?configure_argv@__scrt_narrow_argv_policy@@SAHXZ 000000018000fca0 f i MSVCRT:utility.obj
 0001:0000ed00       ?initialize_environment@__scrt_narrow_environment_policy@@SAHXZ 000000018000fd00 f i MSVCRT:utility.obj
 0001:0000ed38       NtCurrentTeb               000000018000fd38 f i MSVCRT:utility.obj
 0001:0000ed44       __scrt_acquire_startup_lock 000000018000fd44 f   MSVCRT:utility.obj
 0001:0000ed80       __scrt_dllmain_after_initialize_c 000000018000fd80 f   MSVCRT:utility.obj
 0001:0000edb4       __scrt_dllmain_before_initialize_c 000000018000fdb4 f   MSVCRT:utility.obj
 0001:0000edcc       __scrt_dllmain_crt_thread_attach 000000018000fdcc f   MSVCRT:utility.obj
 0001:0000edf4       __scrt_dllmain_crt_thread_detach 000000018000fdf4 f   MSVCRT:utility.obj
 0001:0000ee0c       __scrt_dllmain_exception_filter 000000018000fe0c f   MSVCRT:utility.obj
 0001:0000ee6c       __scrt_dllmain_uninitialize_c 000000018000fe6c f   MSVCRT:utility.obj
 0001:0000ee9c       __scrt_dllmain_uninitialize_critical 000000018000fe9c f   MSVCRT:utility.obj
 0001:0000eeb0       __scrt_initialize_crt      000000018000feb0 f   MSVCRT:utility.obj
 0001:0000eefc       __scrt_initialize_onexit_tables 000000018000fefc f   MSVCRT:utility.obj
 0001:0000ef88       __scrt_is_nonwritable_in_current_image 000000018000ff88 f   MSVCRT:utility.obj
 0001:0000f020       __scrt_release_startup_lock 0000000180010020 f   MSVCRT:utility.obj
 0001:0000f044       __scrt_uninitialize_crt    0000000180010044 f   MSVCRT:utility.obj
 0001:0000f070       _onexit                    0000000180010070 f   MSVCRT:utility.obj
 0001:0000f0ac       at_quick_exit              00000001800100ac f   MSVCRT:utility.obj
 0001:0000f0cc       atexit                     00000001800100cc f   MSVCRT:utility.obj
 0001:0000f0e4       __scrt_get_dyn_tls_init_callback 00000001800100e4 f   MSVCRT:dyn_tls_init.obj
 0001:0000f0ec       __crt_debugger_hook        00000001800100ec f   MSVCRT:utility_desktop.obj
 0001:0000f0f4       __scrt_fastfail            00000001800100f4 f   MSVCRT:utility_desktop.obj
 0001:0000f240       __scrt_get_show_window_mode 0000000180010240 f   MSVCRT:utility_desktop.obj
 0001:0000f27c       __scrt_initialize_mta      000000018001027c f   MSVCRT:utility_desktop.obj
 0001:0000f284       __scrt_initialize_winrt    0000000180010284 f   MSVCRT:utility_desktop.obj
 0001:0000f288       __scrt_is_managed_app      0000000180010288 f   MSVCRT:utility_desktop.obj
 0001:0000f2dc       __scrt_set_unhandled_exception_filter 00000001800102dc f   MSVCRT:utility_desktop.obj
 0001:0000f2ec       __scrt_exe_initialize_mta  00000001800102ec f   MSVCRT:utility_desktop.obj
 0001:0000f2ec       __scrt_stub_for_initialize_mta 00000001800102ec f   MSVCRT:utility_desktop.obj
 0001:0000f2f0       __scrt_unhandled_exception_filter 00000001800102f0 f   MSVCRT:utility_desktop.obj
 0001:0000f34c       _RTC_Initialize            000000018001034c f   MSVCRT:initsect.obj
 0001:0000f388       _RTC_Terminate             0000000180010388 f   MSVCRT:initsect.obj
 0001:0000f3c4       _guard_check_icall_nop     00000001800103c4 f i MSVCRT:guard_support.obj
 0001:0000f3c8       ReadNoFence64              00000001800103c8 f i MSVCRT:guard_support.obj
 0001:0000f3cc       ReadPointerNoFence         00000001800103cc f i MSVCRT:guard_support.obj
 0001:0000f3d0       __castguard_check_failure_debugbreak 00000001800103d0 f i MSVCRT:guard_support.obj
 0001:0000f3ec       __castguard_check_failure_fastfail 00000001800103ec f i MSVCRT:guard_support.obj
 0001:0000f410       __castguard_check_failure_nop 0000000180010410 f i MSVCRT:guard_support.obj
 0001:0000f414       __castguard_check_failure_os_handled 0000000180010414 f i MSVCRT:guard_support.obj
 0001:0000f470       __castguard_check_failure_user_handled 0000000180010470 f i MSVCRT:guard_support.obj
 0001:0000f4e4       __castguard_set_user_handler 00000001800104e4 f i MSVCRT:guard_support.obj
 0001:0000f4f0       __castguard_slow_path_check_debugbreak 00000001800104f0 f i MSVCRT:guard_support.obj
 0001:0000f524       __castguard_slow_path_check_fastfail 0000000180010524 f i MSVCRT:guard_support.obj
 0001:0000f560       __castguard_slow_path_check_nop 0000000180010560 f i MSVCRT:guard_support.obj
 0001:0000f564       __castguard_slow_path_check_os_handled 0000000180010564 f i MSVCRT:guard_support.obj
 0001:0000f5b8       __castguard_slow_path_check_user_handled 00000001800105b8 f i MSVCRT:guard_support.obj
 0001:0000f624       _guard_icall_checks_enforced 0000000180010624 f i MSVCRT:guard_support.obj
 0001:0000f63c       _guard_rf_checks_enforced  000000018001063c f i MSVCRT:guard_support.obj
 0001:0000f640       __isa_available_init       0000000180010640 f   MSVCRT:cpu_disp.obj
 0001:0000f7ec       _get_startup_argv_mode     00000001800107ec f   MSVCRT:argv_mode.obj
 0001:0000f7f4       __scrt_is_ucrt_dll_in_use  00000001800107f4 f   MSVCRT:ucrt_detection.obj
 0001:0000f800       RtlCaptureContext          0000000180010800 f   kernel32:KERNEL32.dll
 0001:0000f806       RtlLookupFunctionEntry     0000000180010806 f   kernel32:KERNEL32.dll
 0001:0000f80c       RtlVirtualUnwind           000000018001080c f   kernel32:KERNEL32.dll
 0001:0000f812       UnhandledExceptionFilter   0000000180010812 f   kernel32:KERNEL32.dll
 0001:0000f818       SetUnhandledExceptionFilter 0000000180010818 f   kernel32:KERNEL32.dll
 0001:0000f81e       GetCurrentProcess          000000018001081e f   kernel32:KERNEL32.dll
 0001:0000f824       TerminateProcess           0000000180010824 f   kernel32:KERNEL32.dll
 0001:0000f82a       IsProcessorFeaturePresent  000000018001082a f   kernel32:KERNEL32.dll
 0001:0000f830       QueryPerformanceCounter    0000000180010830 f   kernel32:KERNEL32.dll
 0001:0000f836       GetCurrentProcessId        0000000180010836 f   kernel32:KERNEL32.dll
 0001:0000f83c       GetCurrentThreadId         000000018001083c f   kernel32:KERNEL32.dll
 0001:0000f842       GetSystemTimeAsFileTime    0000000180010842 f   kernel32:KERNEL32.dll
 0001:0000f848       DisableThreadLibraryCalls  0000000180010848 f   kernel32:KERNEL32.dll
 0001:0000f84e       InitializeSListHead        000000018001084e f   kernel32:KERNEL32.dll
 0001:0000f854       IsDebuggerPresent          0000000180010854 f   kernel32:KERNEL32.dll
 0001:0000f85a       GetStartupInfoW            000000018001085a f   kernel32:KERNEL32.dll
 0001:0000f860       GetModuleHandleW           0000000180010860 f   kernel32:KERNEL32.dll
 0001:0000f866       memset                     0000000180010866 f   vcruntime:VCRUNTIME140.dll
 0001:0000f86c       memcpy                     000000018001086c f   vcruntime:VCRUNTIME140.dll
 0001:0000f872       __C_specific_handler       0000000180010872 f   vcruntime:VCRUNTIME140.dll
 0001:0000f878       __std_type_info_destroy_list 0000000180010878 f   vcruntime:VCRUNTIME140.dll
 0001:0000f87e       __current_exception        000000018001087e f   vcruntime:VCRUNTIME140.dll
 0001:0000f884       __current_exception_context 0000000180010884 f   vcruntime:VCRUNTIME140.dll
 0001:0000f88a       strcmp                     000000018001088a f   ucrt:api-ms-win-crt-string-l1-1-0.dll
 0001:0000f890       strcat                     0000000180010890 f   ucrt:api-ms-win-crt-string-l1-1-0.dll
 0001:0000f896       __stdio_common_vsprintf    0000000180010896 f   ucrt:api-ms-win-crt-stdio-l1-1-0.dll
 0001:0000f89c       free                       000000018001089c f   ucrt:api-ms-win-crt-heap-l1-1-0.dll
 0001:0000f8a2       malloc                     00000001800108a2 f   ucrt:api-ms-win-crt-heap-l1-1-0.dll
 0001:0000f8a8       strlen                     00000001800108a8 f   ucrt:api-ms-win-crt-string-l1-1-0.dll
 0001:0000f8ae       _initterm                  00000001800108ae f   ucrt:api-ms-win-crt-runtime-l1-1-0.dll
 0001:0000f8b4       _initterm_e                00000001800108b4 f   ucrt:api-ms-win-crt-runtime-l1-1-0.dll
 0001:0000f8ba       _seh_filter_dll            00000001800108ba f   ucrt:api-ms-win-crt-runtime-l1-1-0.dll
 0001:0000f8c0       _configure_narrow_argv     00000001800108c0 f   ucrt:api-ms-win-crt-runtime-l1-1-0.dll
 0001:0000f8c6       _initialize_narrow_environment 00000001800108c6 f   ucrt:api-ms-win-crt-runtime-l1-1-0.dll
 0001:0000f8cc       _initialize_onexit_table   00000001800108cc f   ucrt:api-ms-win-crt-runtime-l1-1-0.dll
 0001:0000f8d2       _register_onexit_function  00000001800108d2 f   ucrt:api-ms-win-crt-runtime-l1-1-0.dll
 0001:0000f8d8       _execute_onexit_table      00000001800108d8 f   ucrt:api-ms-win-crt-runtime-l1-1-0.dll
 0001:0000f8de       _crt_atexit                00000001800108de f   ucrt:api-ms-win-crt-runtime-l1-1-0.dll
 0001:0000f8e4       _crt_at_quick_exit         00000001800108e4 f   ucrt:api-ms-win-crt-runtime-l1-1-0.dll
 0001:0000f8ea       _cexit                     00000001800108ea f   ucrt:api-ms-win-crt-runtime-l1-1-0.dll
 0001:0000f8f0       terminate                  00000001800108f0 f   ucrt:api-ms-win-crt-runtime-l1-1-0.dll
 0001:0000f8f8       __acrt_initialize          00000001800108f8 f   MSVCRT:ucrt_stubs.obj
 0001:0000f8f8       __scrt_stub_for_acrt_initialize 00000001800108f8 f   MSVCRT:ucrt_stubs.obj
 0001:0000f8f8       __vcrt_initialize          00000001800108f8 f   MSVCRT:ucrt_stubs.obj
 0001:0000f8fc       __acrt_thread_attach       00000001800108fc f   MSVCRT:ucrt_stubs.obj
 0001:0000f8fc       __scrt_stub_for_acrt_thread_attach 00000001800108fc f   MSVCRT:ucrt_stubs.obj
 0001:0000f8fc       __vcrt_thread_attach       00000001800108fc f   MSVCRT:ucrt_stubs.obj
 0001:0000f900       __acrt_thread_detach       0000000180010900 f   MSVCRT:ucrt_stubs.obj
 0001:0000f900       __scrt_stub_for_acrt_thread_detach 0000000180010900 f   MSVCRT:ucrt_stubs.obj
 0001:0000f900       __vcrt_thread_detach       0000000180010900 f   MSVCRT:ucrt_stubs.obj
 0001:0000f904       __acrt_uninitialize        0000000180010904 f   MSVCRT:ucrt_stubs.obj
 0001:0000f904       __scrt_stub_for_acrt_uninitialize 0000000180010904 f   MSVCRT:ucrt_stubs.obj
 0001:0000f904       __vcrt_uninitialize        0000000180010904 f   MSVCRT:ucrt_stubs.obj
 0001:0000f908       __acrt_uninitialize_critical 0000000180010908 f   MSVCRT:ucrt_stubs.obj
 0001:0000f908       __scrt_stub_for_acrt_uninitialize_critical 0000000180010908 f   MSVCRT:ucrt_stubs.obj
 0001:0000f908       __vcrt_uninitialize_critical 0000000180010908 f   MSVCRT:ucrt_stubs.obj
 0001:0000f90c       __scrt_stub_for_is_c_termination_complete 000000018001090c f   MSVCRT:ucrt_stubs.obj
 0001:0000f90c       _is_c_termination_complete 000000018001090c f   MSVCRT:ucrt_stubs.obj
 0001:0000f920       _guard_dispatch_icall_nop  0000000180010920 f   MSVCRT:guard_dispatch.obj
 0001:0000f940       _guard_xfg_dispatch_icall_nop 0000000180010940 f   MSVCRT:guard_xfg_dispatch.obj
 0002:00000000       __imp_SetUnhandledExceptionFilter 0000000180011000     kernel32:KERNEL32.dll
 0002:00000008       __imp_IsProcessorFeaturePresent 0000000180011008     kernel32:KERNEL32.dll
 0002:00000010       __imp_RtlCaptureContext    0000000180011010     kernel32:KERNEL32.dll
 0002:00000018       __imp_RtlLookupFunctionEntry 0000000180011018     kernel32:KERNEL32.dll
 0002:00000020       __imp_QueryPerformanceCounter 0000000180011020     kernel32:KERNEL32.dll
 0002:00000028       __imp_GetCurrentProcessId  0000000180011028     kernel32:KERNEL32.dll
 0002:00000030       __imp_GetCurrentThreadId   0000000180011030     kernel32:KERNEL32.dll
 0002:00000038       __imp_GetSystemTimeAsFileTime 0000000180011038     kernel32:KERNEL32.dll
 0002:00000040       __imp_DisableThreadLibraryCalls 0000000180011040     kernel32:KERNEL32.dll
 0002:00000048       __imp_InitializeSListHead  0000000180011048     kernel32:KERNEL32.dll
 0002:00000050       __imp_IsDebuggerPresent    0000000180011050     kernel32:KERNEL32.dll
 0002:00000058       __imp_GetStartupInfoW      0000000180011058     kernel32:KERNEL32.dll
 0002:00000060       __imp_GetModuleHandleW     0000000180011060     kernel32:KERNEL32.dll
 0002:00000068       __imp_GetCurrentProcess    0000000180011068     kernel32:KERNEL32.dll
 0002:00000070       __imp_TerminateProcess     0000000180011070     kernel32:KERNEL32.dll
 0002:00000078       __imp_UnhandledExceptionFilter 0000000180011078     kernel32:KERNEL32.dll
 0002:00000080       __imp_RtlVirtualUnwind     0000000180011080     kernel32:KERNEL32.dll
 0002:00000088       \177KERNEL32_NULL_THUNK_DATA 0000000180011088     kernel32:KERNEL32.dll
 0002:00000090       __imp_memset               0000000180011090     vcruntime:VCRUNTIME140.dll
 0002:00000098       __imp_memcpy               0000000180011098     vcruntime:VCRUNTIME140.dll
 0002:000000a0       __imp___C_specific_handler 00000001800110a0     vcruntime:VCRUNTIME140.dll
 0002:000000a8       __imp___std_type_info_destroy_list 00000001800110a8     vcruntime:VCRUNTIME140.dll
 0002:000000b0       __imp___current_exception  00000001800110b0     vcruntime:VCRUNTIME140.dll
 0002:000000b8       __imp___current_exception_context 00000001800110b8     vcruntime:VCRUNTIME140.dll
 0002:000000c0       \177VCRUNTIME140_NULL_THUNK_DATA 00000001800110c0     vcruntime:VCRUNTIME140.dll
 0002:000000c8       __imp_malloc               00000001800110c8     ucrt:api-ms-win-crt-heap-l1-1-0.dll
 0002:000000d0       __imp_free                 00000001800110d0     ucrt:api-ms-win-crt-heap-l1-1-0.dll
 0002:000000d8       \177api-ms-win-crt-heap-l1-1-0_NULL_THUNK_DATA 00000001800110d8     ucrt:api-ms-win-crt-heap-l1-1-0.dll
 0002:000000e0       __imp__initterm            00000001800110e0     ucrt:api-ms-win-crt-runtime-l1-1-0.dll
 0002:000000e8       __imp__initterm_e          00000001800110e8     ucrt:api-ms-win-crt-runtime-l1-1-0.dll
 0002:000000f0       __imp__configure_narrow_argv 00000001800110f0     ucrt:api-ms-win-crt-runtime-l1-1-0.dll
 0002:000000f8       __imp__initialize_narrow_environment 00000001800110f8     ucrt:api-ms-win-crt-runtime-l1-1-0.dll
 0002:00000100       __imp__seh_filter_dll      0000000180011100     ucrt:api-ms-win-crt-runtime-l1-1-0.dll
 0002:00000108       __imp__register_onexit_function 0000000180011108     ucrt:api-ms-win-crt-runtime-l1-1-0.dll
 0002:00000110       __imp__execute_onexit_table 0000000180011110     ucrt:api-ms-win-crt-runtime-l1-1-0.dll
 0002:00000118       __imp__crt_atexit          0000000180011118     ucrt:api-ms-win-crt-runtime-l1-1-0.dll
 0002:00000120       __imp__crt_at_quick_exit   0000000180011120     ucrt:api-ms-win-crt-runtime-l1-1-0.dll
 0002:00000128       __imp__cexit               0000000180011128     ucrt:api-ms-win-crt-runtime-l1-1-0.dll
 0002:00000130       __imp_terminate            0000000180011130     ucrt:api-ms-win-crt-runtime-l1-1-0.dll
 0002:00000138       __imp__initialize_onexit_table 0000000180011138     ucrt:api-ms-win-crt-runtime-l1-1-0.dll
 0002:00000140       \177api-ms-win-crt-runtime-l1-1-0_NULL_THUNK_DATA 0000000180011140     ucrt:api-ms-win-crt-runtime-l1-1-0.dll
 0002:00000148       __imp___stdio_common_vsprintf 0000000180011148     ucrt:api-ms-win-crt-stdio-l1-1-0.dll
 0002:00000150       \177api-ms-win-crt-stdio-l1-1-0_NULL_THUNK_DATA 0000000180011150     ucrt:api-ms-win-crt-stdio-l1-1-0.dll
 0002:00000158       __imp_strlen               0000000180011158     ucrt:api-ms-win-crt-string-l1-1-0.dll
 0002:00000160       __imp_strcat               0000000180011160     ucrt:api-ms-win-crt-string-l1-1-0.dll
 0002:00000168       __imp_strcmp               0000000180011168     ucrt:api-ms-win-crt-string-l1-1-0.dll
 0002:00000170       \177api-ms-win-crt-string-l1-1-0_NULL_THUNK_DATA 0000000180011170     ucrt:api-ms-win-crt-string-l1-1-0.dll
 0002:00000178       __imp_covrtDeleteStateflowInstanceData 0000000180011178     libcovrt:libcovrt.dll
 0002:00000180       __imp_covrtEmlFcnEval      0000000180011180     libcovrt:libcovrt.dll
 0002:00000188       __imp_covrtEmlFcnInitFcn   0000000180011188     libcovrt:libcovrt.dll
 0002:00000190       __imp_covrtEmlInitFcn      0000000180011190     libcovrt:libcovrt.dll
 0002:00000198       __imp_covrtSigUpdateFcn    0000000180011198     libcovrt:libcovrt.dll
 0002:000001a0       __imp_covrtChartInitFcn    00000001800111a0     libcovrt:libcovrt.dll
 0002:000001a8       __imp_covrtStateInitFcn    00000001800111a8     libcovrt:libcovrt.dll
 0002:000001b0       __imp_covrtTransInitFcn    00000001800111b0     libcovrt:libcovrt.dll
 0002:000001b8       __imp_covrtCreateStateflowInstanceData 00000001800111b8     libcovrt:libcovrt.dll
 0002:000001c0       \177libcovrt_NULL_THUNK_DATA 00000001800111c0     libcovrt:libcovrt.dll
 0002:000001c8       __imp_mexIsLocked_800      00000001800111c8     libmex:libmex.dll
 0002:000001d0       __imp_mexUnlock_800        00000001800111d0     libmex:libmex.dll
 0002:000001d8       __imp_mexLock_800          00000001800111d8     libmex:libmex.dll
 0002:000001e0       __imp_mexCallMATLAB_800    00000001800111e0     libmex:libmex.dll
 0002:000001e8       __imp_mexMakeArrayPersistent_800 00000001800111e8     libmex:libmex.dll
 0002:000001f0       __imp_mexErrMsgTxt_800     00000001800111f0     libmex:libmex.dll
 0002:000001f8       __imp_mexWarnMsgTxt_800    00000001800111f8     libmex:libmex.dll
 0002:00000200       \177libmex_NULL_THUNK_DATA 0000000180011200     libmex:libmex.dll
 0002:00000208       __imp_rgb2hsv_tbb_real32   0000000180011208     libmwrgb2hsv_tbb:libmwrgb2hsv_tbb.dll
 0002:00000210       \177libmwrgb2hsv_tbb_NULL_THUNK_DATA 0000000180011210     libmwrgb2hsv_tbb:libmwrgb2hsv_tbb.dll
 0002:00000218       __imp_mxIsComplex_800      0000000180011218     libmx:libmx.dll
 0002:00000220       __imp_mxGetN_800           0000000180011220     libmx:libmx.dll
 0002:00000228       __imp_mxCreateDoubleScalar_800 0000000180011228     libmx:libmx.dll
 0002:00000230       __imp_mxGetPr_800          0000000180011230     libmx:libmx.dll
 0002:00000238       __imp_mxIsChar_800         0000000180011238     libmx:libmx.dll
 0002:00000240       __imp_mxIsNumeric_800      0000000180011240     libmx:libmx.dll
 0002:00000248       __imp_mxGetClassID_800     0000000180011248     libmx:libmx.dll
 0002:00000250       __imp_mxGetM_800           0000000180011250     libmx:libmx.dll
 0002:00000258       __imp_mxCalloc_800         0000000180011258     libmx:libmx.dll
 0002:00000260       __imp_mxCreateStructMatrix_800 0000000180011260     libmx:libmx.dll
 0002:00000268       __imp_mxCreateCellMatrix_800 0000000180011268     libmx:libmx.dll
 0002:00000270       __imp_mxCreateString_800   0000000180011270     libmx:libmx.dll
 0002:00000278       __imp_mxSetField_800       0000000180011278     libmx:libmx.dll
 0002:00000280       __imp_mxSetCell_800        0000000180011280     libmx:libmx.dll
 0002:00000288       __imp_mxDuplicateArray_800 0000000180011288     libmx:libmx.dll
 0002:00000290       __imp_mxGetString_800      0000000180011290     libmx:libmx.dll
 0002:00000298       __imp_mxCreateDoubleMatrix_800 0000000180011298     libmx:libmx.dll
 0002:000002a0       __imp_mxDestroyArray_800   00000001800112a0     libmx:libmx.dll
 0002:000002a8       __imp_mxGetScalar_800      00000001800112a8     libmx:libmx.dll
 0002:000002b0       \177libmx_NULL_THUNK_DATA  00000001800112b0     libmx:libmx.dll
 0002:000002b8       __imp_utMalloc             00000001800112b8     libut:libut.dll
 0002:000002c0       __imp_utFree               00000001800112c0     libut:libut.dll
 0002:000002c8       \177libut_NULL_THUNK_DATA  00000001800112c8     libut:libut.dll
 0002:000002d0       __imp_getRuntimeInstanceInfoAsVoid 00000001800112d0     sf_runtime:sf_runtime.dll
 0002:000002d8       __imp_sf_clear_error_manager_info 00000001800112d8     sf_runtime:sf_runtime.dll
 0002:000002e0       __imp_callMdlMethodAndReportError 00000001800112e0     sf_runtime:sf_runtime.dll
 0002:000002e8       __imp_sf_get_hasSeparateUpdateOutputs 00000001800112e8     sf_runtime:sf_runtime.dll
 0002:000002f0       __imp_sf_get_ChartInfoStruct_CodeGen 00000001800112f0     sf_runtime:sf_runtime.dll
 0002:000002f8       __imp_call_sf_machine_global_method_dispatcher 00000001800112f8     sf_runtime:sf_runtime.dll
 0002:00000300       __imp_sf_mex_error_direct_call 0000000180011300     sf_runtime:sf_runtime.dll
 0002:00000308       __imp_ssGetInputPortSignal_wrapper 0000000180011308     sf_runtime:sf_runtime.dll
 0002:00000310       __imp_sf_mex_import        0000000180011310     sf_runtime:sf_runtime.dll
 0002:00000318       __imp_sf_mex_destroy       0000000180011318     sf_runtime:sf_runtime.dll
 0002:00000320       __imp_sf_mex_dup           0000000180011320     sf_runtime:sf_runtime.dll
 0002:00000328       __imp_sf_mex_assign        0000000180011328     sf_runtime:sf_runtime.dll
 0002:00000330       __imp_sf_mex_getcell       0000000180011330     sf_runtime:sf_runtime.dll
 0002:00000338       __imp_sf_mex_setcell       0000000180011338     sf_runtime:sf_runtime.dll
 0002:00000340       __imp_sf_mex_createcellmatrix 0000000180011340     sf_runtime:sf_runtime.dll
 0002:00000348       __imp_sf_mex_create        0000000180011348     sf_runtime:sf_runtime.dll
 0002:00000350       __imp_sf_mex_error_message 0000000180011350     sf_runtime:sf_runtime.dll
 0002:00000358       __imp_sfListenerInitializeRuntimeVars 0000000180011358     sf_runtime:sf_runtime.dll
 0002:00000360       __imp_sfListenerLightTerminate 0000000180011360     sf_runtime:sf_runtime.dll
 0002:00000368       __imp_sfListenerCacheSimStruct 0000000180011368     sf_runtime:sf_runtime.dll
 0002:00000370       __imp_sf_set_work_widths   0000000180011370     sf_runtime:sf_runtime.dll
 0002:00000378       __imp_sf_warn_if_symbolic_dimension_param_changed 0000000180011378     sf_runtime:sf_runtime.dll
 0002:00000380       __imp_setDebuggerFlag      0000000180011380     sf_runtime:sf_runtime.dll
 0002:00000388       __imp_setDataBrowseFcn     0000000180011388     sf_runtime:sf_runtime.dll
 0002:00000390       __imp_sfDoAnimationWrapper 0000000180011390     sf_runtime:sf_runtime.dll
 0002:00000398       __imp_sf_get_time          0000000180011398     sf_runtime:sf_runtime.dll
 0002:000003a0       __imp_sf_clear_rtw_identifier 00000001800113a0     sf_runtime:sf_runtime.dll
 0002:000003a8       __imp_sim_mode_is_external 00000001800113a8     sf_runtime:sf_runtime.dll
 0002:000003b0       __imp_sim_mode_is_rtw_gen  00000001800113b0     sf_runtime:sf_runtime.dll
 0002:000003b8       __imp_sf_get_chart_instance_ptr 00000001800113b8     sf_runtime:sf_runtime.dll
 0002:000003c0       __imp_sfrtGetCovrtInstance 00000001800113c0     sf_runtime:sf_runtime.dll
 0002:000003c8       __imp_sfrtGetEmlrtCtx      00000001800113c8     sf_runtime:sf_runtime.dll
 0002:000003d0       __imp_sf_reset_warnings_ChartRunTimeInfo 00000001800113d0     sf_runtime:sf_runtime.dll
 0002:000003d8       __imp_sf_free_ChartRunTimeInfo 00000001800113d8     sf_runtime:sf_runtime.dll
 0002:000003e0       __imp_sf_init_ChartRunTimeInfo 00000001800113e0     sf_runtime:sf_runtime.dll
 0002:000003e8       __imp_sf_mex_decode        00000001800113e8     sf_runtime:sf_runtime.dll
 0002:000003f0       __imp_sf_load_rtw_optimization_info 00000001800113f0     sf_runtime:sf_runtime.dll
 0002:000003f8       __imp_ssGetOutputPortSignal_wrapper 00000001800113f8     sf_runtime:sf_runtime.dll
 0002:00000400       \177sf_runtime_NULL_THUNK_DATA 0000000180011400     sf_runtime:sf_runtime.dll
 0002:00000408       __guard_check_icall_fptr   0000000180011408     MSVCRT:guard_support.obj
 0002:00000410       __guard_xfg_check_icall_fptr 0000000180011410     MSVCRT:guard_support.obj
 0002:00000418       __guard_dispatch_icall_fptr 0000000180011418     MSVCRT:guard_support.obj
 0002:00000420       __guard_xfg_dispatch_icall_fptr 0000000180011420     MSVCRT:guard_support.obj
 0002:00000428       __guard_xfg_table_dispatch_icall_fptr 0000000180011428     MSVCRT:guard_support.obj
 0002:00000430       __castguard_check_failure_os_handled_fptr 0000000180011430     MSVCRT:guard_support.obj
 0002:00000438       __guard_memcpy_fptr        0000000180011438     vcruntime:softmemtag.obj
 0002:00000440       __xc_a                     0000000180011440     MSVCRT:initializers.obj
 0002:00000448       __xc_z                     0000000180011448     MSVCRT:initializers.obj
 0002:00000450       __xi_a                     0000000180011450     MSVCRT:initializers.obj
 0002:00000458       __xi_z                     0000000180011458     MSVCRT:initializers.obj
 0002:00000460       __xp_a                     0000000180011460     MSVCRT:initializers.obj
 0002:00000468       __xp_z                     0000000180011468     MSVCRT:initializers.obj
 0002:00000470       __xt_a                     0000000180011470     MSVCRT:initializers.obj
 0002:00000478       __xt_z                     0000000180011478     MSVCRT:initializers.obj
 0002:00000480       __real@419c9065f4000000    0000000180011480     balldetection_sfun.obj
 0002:00000488       __real@41a935fb7a000000    0000000180011488     balldetection_sfun.obj
 0002:00000490       __real@41b82a9620000000    0000000180011490     balldetection_sfun.obj
 0002:00000498       __real@41c25c6bf7000000    0000000180011498     balldetection_sfun.obj
 0002:000004a0       __real@41cc8a0017800000    00000001800114a0     balldetection_sfun.obj
 0002:000004a8       __real@41cf139189000000    00000001800114a8     balldetection_sfun.obj
 0002:000004b0       __real@41d6b51869c00000    00000001800114b0     balldetection_sfun.obj
 0002:000004b8       __real@41d6fe0789400000    00000001800114b8     balldetection_sfun.obj
 0002:000004c0       __real@41d83afee7000000    00000001800114c0     balldetection_sfun.obj
 0002:000004c8       __real@41e3506b07c00000    00000001800114c8     balldetection_sfun.obj
 0002:000004d0       __real@41e753192c600000    00000001800114d0     balldetection_sfun.obj
 0002:000004d8       __real@41e7ec0513400000    00000001800114d8     balldetection_sfun.obj
 0002:000004e8       __real@412c200000000000    00000001800114e8     c2_balldetection.obj
 0002:000004f0       __real@41ccc96678800000    00000001800114f0     c2_balldetection.obj
 0002:000004f8       __real@41e65810bd800000    00000001800114f8     c2_balldetection.obj
 0002:00000500       __real@41e73eb03ca00000    0000000180011500     c2_balldetection.obj
 0002:00000508       __real@41e84337ab400000    0000000180011508     c2_balldetection.obj
 0002:00000510       DYNAMIC_DIMENSION_DEF      0000000180011510     balldetection_sfun_registry.obj
 0002:00000528       __real@0000000000000000    0000000180011528     balldetection_sfun_registry.obj
 0002:00000530       __real@4010000000000000    0000000180011530     balldetection_sfun_registry.obj
 0002:00000538       __real@41602cbca0000000    0000000180011538     balldetection_sfun_registry.obj
 0002:00000540       __real@bff0000000000000    0000000180011540     balldetection_sfun_registry.obj
 0002:00000548       __real@77800000            0000000180011548     half_type.obj
 0002:00000560       _pDefaultRawDllMain        0000000180011560     MSVCRT:dll_dllmain.obj
 0002:00000560       _pRawDllMain               0000000180011560     MSVCRT:dll_dllmain.obj
 0002:00000570       __xmm@ffffffffffffffffffffffffffffffff 0000000180011570     MSVCRT:utility.obj
 0002:00000580       _load_config_used          0000000180011580     MSVCRT:loadcfg.obj
 0002:00000700       __CastGuardVftablesStart   0000000180011700     MSVCRT:guard_support.obj
 0002:00000780       __CastGuardVftablesEnd     0000000180011780     MSVCRT:guard_support.obj
 0002:00000800       __volatile_metadata        0000000180011800     <linker-defined>
 0002:00000bf0       __rtc_iaa                  0000000180011bf0     MSVCRT:initsect.obj
 0002:00000bf8       __rtc_izz                  0000000180011bf8     MSVCRT:initsect.obj
 0002:00000c00       __rtc_taa                  0000000180011c00     MSVCRT:initsect.obj
 0002:00000c08       __rtc_tzz                  0000000180011c08     MSVCRT:initsect.obj
 0002:0000166c       __IMPORT_DESCRIPTOR_libmwrgb2hsv_tbb 000000018001266c     libmwrgb2hsv_tbb:libmwrgb2hsv_tbb.dll
 0002:00001680       __IMPORT_DESCRIPTOR_sf_runtime 0000000180012680     sf_runtime:sf_runtime.dll
 0002:00001694       __IMPORT_DESCRIPTOR_libmx  0000000180012694     libmx:libmx.dll
 0002:000016a8       __IMPORT_DESCRIPTOR_libmex 00000001800126a8     libmex:libmex.dll
 0002:000016bc       __IMPORT_DESCRIPTOR_libut  00000001800126bc     libut:libut.dll
 0002:000016d0       __IMPORT_DESCRIPTOR_libcovrt 00000001800126d0     libcovrt:libcovrt.dll
 0002:000016e4       __IMPORT_DESCRIPTOR_KERNEL32 00000001800126e4     kernel32:KERNEL32.dll
 0002:000016f8       __IMPORT_DESCRIPTOR_VCRUNTIME140 00000001800126f8     vcruntime:VCRUNTIME140.dll
 0002:0000170c       __IMPORT_DESCRIPTOR_api-ms-win-crt-string-l1-1-0 000000018001270c     ucrt:api-ms-win-crt-string-l1-1-0.dll
 0002:00001720       __IMPORT_DESCRIPTOR_api-ms-win-crt-stdio-l1-1-0 0000000180012720     ucrt:api-ms-win-crt-stdio-l1-1-0.dll
 0002:00001734       __IMPORT_DESCRIPTOR_api-ms-win-crt-heap-l1-1-0 0000000180012734     ucrt:api-ms-win-crt-heap-l1-1-0.dll
 0002:00001748       __IMPORT_DESCRIPTOR_api-ms-win-crt-runtime-l1-1-0 0000000180012748     ucrt:api-ms-win-crt-runtime-l1-1-0.dll
 0002:0000175c       __NULL_IMPORT_DESCRIPTOR   000000018001275c     libmwrgb2hsv_tbb:libmwrgb2hsv_tbb.dll
 0003:00000b50       DYNAMIC_DIMENSION          0000000180014b50     balldetection_sfun_registry.obj
 0003:00003130       __security_cookie_complement 0000000180017130     MSVCRT:gs_cookie.obj
 0003:00003138       __security_cookie          0000000180017138     MSVCRT:gs_cookie.obj
 0003:00003140       _fltused                   0000000180017140     MSVCRT:fltused.obj
 0003:00003144       __scrt_native_dllmain_reason 0000000180017144     MSVCRT:utility.obj
 0003:00003148       __isa_available            0000000180017148     MSVCRT:cpu_disp.obj
 0003:0000314c       __isa_enabled              000000018001714c     MSVCRT:cpu_disp.obj
 0003:00003150       __memset_fast_string_threshold 0000000180017150     MSVCRT:cpu_disp.obj
 0003:00003158       __memset_nt_threshold      0000000180017158     MSVCRT:cpu_disp.obj
 0003:00003160       __scrt_ucrt_dll_is_in_use  0000000180017160     MSVCRT:ucrt_stubs.obj
 0003:00003d10       ?__type_info_root_node@@3U__type_info_node@@A 0000000180017d10     MSVCRT:tncleanup.obj
 0003:00003d20       ?_OptionsStorage@?1??__local_stdio_printf_options@@9@4_KA 0000000180017d20     MSVCRT:default_local_stdio_options.obj
 0003:00003d28       ?_OptionsStorage@?1??__local_stdio_scanf_options@@9@4_KA 0000000180017d28     MSVCRT:default_local_stdio_options.obj
 0003:00003d30       __scrt_current_native_startup_state 0000000180017d30     MSVCRT:utility.obj
 0003:00003d38       __scrt_native_startup_lock 0000000180017d38     MSVCRT:utility.obj
 0003:00003d78       __scrt_debugger_hook_flag  0000000180017d78     MSVCRT:utility_desktop.obj
 0003:00003d80       __castguard_check_failure_user_handled_fptr 0000000180017d80     MSVCRT:guard_support.obj
 0003:00003d88       __favor                    0000000180017d88     MSVCRT:cpu_disp.obj
 0003:00003d90       ?_OptionsStorage@?1??__local_stdio_printf_options@@9@9 0000000180017d90     <common>
 0003:00003d98       __dyn_tls_init_callback    0000000180017d98     <common>

 entry point at        0001:0000eae4

 Static symbols

 0000:00000000       .debug$S                   0000000180000000     balldetection_sfun.exp
 0000:00000000       _volmd                     0000000180000000     balldetection_sfun.obj
 0000:00000000       _volmd                     0000000180000000     balldetection_sfun_registry.obj
 0000:00000000       _volmd                     0000000180000000     c2_balldetection.obj
 0000:00000000       .debug$S                   0000000180000000     ucrt:api-ms-win-crt-heap-l1-1-0.dll
 0000:00000000       .debug$S                   0000000180000000     ucrt:api-ms-win-crt-heap-l1-1-0.dll
 0000:00000000       .debug$S                   0000000180000000     ucrt:api-ms-win-crt-runtime-l1-1-0.dll
 0000:00000000       .debug$S                   0000000180000000     ucrt:api-ms-win-crt-runtime-l1-1-0.dll
 0000:00000000       .debug$S                   0000000180000000     ucrt:api-ms-win-crt-runtime-l1-1-0.dll
 0000:00000000       .debug$S                   0000000180000000     ucrt:api-ms-win-crt-runtime-l1-1-0.dll
 0000:00000000       .debug$S                   0000000180000000     ucrt:api-ms-win-crt-runtime-l1-1-0.dll
 0000:00000000       .debug$S                   0000000180000000     ucrt:api-ms-win-crt-runtime-l1-1-0.dll
 0000:00000000       .debug$S                   0000000180000000     ucrt:api-ms-win-crt-runtime-l1-1-0.dll
 0000:00000000       .debug$S                   0000000180000000     ucrt:api-ms-win-crt-runtime-l1-1-0.dll
 0000:00000000       .debug$S                   0000000180000000     ucrt:api-ms-win-crt-runtime-l1-1-0.dll
 0000:00000000       .debug$S                   0000000180000000     ucrt:api-ms-win-crt-runtime-l1-1-0.dll
 0000:00000000       .debug$S                   0000000180000000     ucrt:api-ms-win-crt-runtime-l1-1-0.dll
 0000:00000000       .debug$S                   0000000180000000     ucrt:api-ms-win-crt-runtime-l1-1-0.dll
 0000:00000000       .debug$S                   0000000180000000     ucrt:api-ms-win-crt-stdio-l1-1-0.dll
 0000:00000000       .debug$S                   0000000180000000     ucrt:api-ms-win-crt-string-l1-1-0.dll
 0000:00000000       .debug$S                   0000000180000000     ucrt:api-ms-win-crt-string-l1-1-0.dll
 0000:00000000       .debug$S                   0000000180000000     ucrt:api-ms-win-crt-string-l1-1-0.dll
 0000:00000000       .debug$S                   0000000180000000     kernel32:KERNEL32.dll
 0000:00000000       .debug$S                   0000000180000000     kernel32:KERNEL32.dll
 0000:00000000       .debug$S                   0000000180000000     kernel32:KERNEL32.dll
 0000:00000000       .debug$S                   0000000180000000     kernel32:KERNEL32.dll
 0000:00000000       .debug$S                   0000000180000000     kernel32:KERNEL32.dll
 0000:00000000       .debug$S                   0000000180000000     kernel32:KERNEL32.dll
 0000:00000000       .debug$S                   0000000180000000     kernel32:KERNEL32.dll
 0000:00000000       .debug$S                   0000000180000000     kernel32:KERNEL32.dll
 0000:00000000       .debug$S                   0000000180000000     kernel32:KERNEL32.dll
 0000:00000000       .debug$S                   0000000180000000     kernel32:KERNEL32.dll
 0000:00000000       .debug$S                   0000000180000000     kernel32:KERNEL32.dll
 0000:00000000       .debug$S                   0000000180000000     kernel32:KERNEL32.dll
 0000:00000000       .debug$S                   0000000180000000     kernel32:KERNEL32.dll
 0000:00000000       .debug$S                   0000000180000000     kernel32:KERNEL32.dll
 0000:00000000       .debug$S                   0000000180000000     kernel32:KERNEL32.dll
 0000:00000000       .debug$S                   0000000180000000     kernel32:KERNEL32.dll
 0000:00000000       .debug$S                   0000000180000000     kernel32:KERNEL32.dll
 0000:00000000       .debug$S                   0000000180000000     libcovrt:libcovrt.dll
 0000:00000000       .debug$S                   0000000180000000     libcovrt:libcovrt.dll
 0000:00000000       .debug$S                   0000000180000000     libcovrt:libcovrt.dll
 0000:00000000       .debug$S                   0000000180000000     libcovrt:libcovrt.dll
 0000:00000000       .debug$S                   0000000180000000     libcovrt:libcovrt.dll
 0000:00000000       .debug$S                   0000000180000000     libcovrt:libcovrt.dll
 0000:00000000       .debug$S                   0000000180000000     libcovrt:libcovrt.dll
 0000:00000000       .debug$S                   0000000180000000     libcovrt:libcovrt.dll
 0000:00000000       .debug$S                   0000000180000000     libcovrt:libcovrt.dll
 0000:00000000       .debug$S                   0000000180000000     libmex:libmex.dll
 0000:00000000       .debug$S                   0000000180000000     libmex:libmex.dll
 0000:00000000       .debug$S                   0000000180000000     libmex:libmex.dll
 0000:00000000       .debug$S                   0000000180000000     libmex:libmex.dll
 0000:00000000       .debug$S                   0000000180000000     libmex:libmex.dll
 0000:00000000       .debug$S                   0000000180000000     libmex:libmex.dll
 0000:00000000       .debug$S                   0000000180000000     libmex:libmex.dll
 0000:00000000       .debug$S                   0000000180000000     libmwrgb2hsv_tbb:libmwrgb2hsv_tbb.dll
 0000:00000000       .debug$S                   0000000180000000     libmx:libmx.dll
 0000:00000000       .debug$S                   0000000180000000     libmx:libmx.dll
 0000:00000000       .debug$S                   0000000180000000     libmx:libmx.dll
 0000:00000000       .debug$S                   0000000180000000     libmx:libmx.dll
 0000:00000000       .debug$S                   0000000180000000     libmx:libmx.dll
 0000:00000000       .debug$S                   0000000180000000     libmx:libmx.dll
 0000:00000000       .debug$S                   0000000180000000     libmx:libmx.dll
 0000:00000000       .debug$S                   0000000180000000     libmx:libmx.dll
 0000:00000000       .debug$S                   0000000180000000     libmx:libmx.dll
 0000:00000000       .debug$S                   0000000180000000     libmx:libmx.dll
 0000:00000000       .debug$S                   0000000180000000     libmx:libmx.dll
 0000:00000000       .debug$S                   0000000180000000     libmx:libmx.dll
 0000:00000000       .debug$S                   0000000180000000     libmx:libmx.dll
 0000:00000000       .debug$S                   0000000180000000     libmx:libmx.dll
 0000:00000000       .debug$S                   0000000180000000     libmx:libmx.dll
 0000:00000000       .debug$S                   0000000180000000     libmx:libmx.dll
 0000:00000000       .debug$S                   0000000180000000     libmx:libmx.dll
 0000:00000000       .debug$S                   0000000180000000     libmx:libmx.dll
 0000:00000000       .debug$S                   0000000180000000     libmx:libmx.dll
 0000:00000000       .debug$S                   0000000180000000     libut:libut.dll
 0000:00000000       .debug$S                   0000000180000000     libut:libut.dll
 0000:00000000       .debug$S                   0000000180000000     sf_runtime:sf_runtime.dll
 0000:00000000       .debug$S                   0000000180000000     sf_runtime:sf_runtime.dll
 0000:00000000       .debug$S                   0000000180000000     sf_runtime:sf_runtime.dll
 0000:00000000       .debug$S                   0000000180000000     sf_runtime:sf_runtime.dll
 0000:00000000       .debug$S                   0000000180000000     sf_runtime:sf_runtime.dll
 0000:00000000       .debug$S                   0000000180000000     sf_runtime:sf_runtime.dll
 0000:00000000       .debug$S                   0000000180000000     sf_runtime:sf_runtime.dll
 0000:00000000       .debug$S                   0000000180000000     sf_runtime:sf_runtime.dll
 0000:00000000       .debug$S                   0000000180000000     sf_runtime:sf_runtime.dll
 0000:00000000       .debug$S                   0000000180000000     sf_runtime:sf_runtime.dll
 0000:00000000       .debug$S                   0000000180000000     sf_runtime:sf_runtime.dll
 0000:00000000       .debug$S                   0000000180000000     sf_runtime:sf_runtime.dll
 0000:00000000       .debug$S                   0000000180000000     sf_runtime:sf_runtime.dll
 0000:00000000       .debug$S                   0000000180000000     sf_runtime:sf_runtime.dll
 0000:00000000       .debug$S                   0000000180000000     sf_runtime:sf_runtime.dll
 0000:00000000       .debug$S                   0000000180000000     sf_runtime:sf_runtime.dll
 0000:00000000       .debug$S                   0000000180000000     sf_runtime:sf_runtime.dll
 0000:00000000       .debug$S                   0000000180000000     sf_runtime:sf_runtime.dll
 0000:00000000       .debug$S                   0000000180000000     sf_runtime:sf_runtime.dll
 0000:00000000       .debug$S                   0000000180000000     sf_runtime:sf_runtime.dll
 0000:00000000       .debug$S                   0000000180000000     sf_runtime:sf_runtime.dll
 0000:00000000       .debug$S                   0000000180000000     sf_runtime:sf_runtime.dll
 0000:00000000       .debug$S                   0000000180000000     sf_runtime:sf_runtime.dll
 0000:00000000       .debug$S                   0000000180000000     sf_runtime:sf_runtime.dll
 0000:00000000       .debug$S                   0000000180000000     sf_runtime:sf_runtime.dll
 0000:00000000       .debug$S                   0000000180000000     sf_runtime:sf_runtime.dll
 0000:00000000       .debug$S                   0000000180000000     sf_runtime:sf_runtime.dll
 0000:00000000       .debug$S                   0000000180000000     sf_runtime:sf_runtime.dll
 0000:00000000       .debug$S                   0000000180000000     sf_runtime:sf_runtime.dll
 0000:00000000       .debug$S                   0000000180000000     sf_runtime:sf_runtime.dll
 0000:00000000       .debug$S                   0000000180000000     sf_runtime:sf_runtime.dll
 0000:00000000       .debug$S                   0000000180000000     sf_runtime:sf_runtime.dll
 0000:00000000       .debug$S                   0000000180000000     sf_runtime:sf_runtime.dll
 0000:00000000       .debug$S                   0000000180000000     sf_runtime:sf_runtime.dll
 0000:00000000       .debug$S                   0000000180000000     sf_runtime:sf_runtime.dll
 0000:00000000       .debug$S                   0000000180000000     sf_runtime:sf_runtime.dll
 0000:00000000       .debug$S                   0000000180000000     sf_runtime:sf_runtime.dll
 0000:00000000       .debug$S                   0000000180000000     sf_runtime:sf_runtime.dll
 0000:00000000       _volmd                     0000000180000000     MSVCRT:cpu_disp.obj
 0002:fffef000       __guard_ehcont_?dllmain_dispatch@@YAHQEAUHINSTANCE__@@KQEAX@Z 0000000180000000     MSVCRT:dll_dllmain.obj
 0002:fffef000       __guard_fids_?dllmain_dispatch@@YAHQEAUHINSTANCE__@@KQEAX@Z 0000000180000000     MSVCRT:dll_dllmain.obj
 0000:00000000       _volmd                     0000000180000000     MSVCRT:gs_report.obj
 0000:00000000       _volmd                     0000000180000000     MSVCRT:gs_report.obj
 0000:00000000       _volmd                     0000000180000000     MSVCRT:gs_report.obj
 0002:fffef000       __guard_fids__             0000000180000000     MSVCRT:guard_support.obj
 0002:fffef000       __guard_fids__             0000000180000000     MSVCRT:guard_support.obj
 0002:fffef000       __guard_fids__guard_icall_checks_enforced 0000000180000000     MSVCRT:guard_support.obj
 0000:00000000       _volmd                     0000000180000000     MSVCRT:guard_support.obj
 0000:00000000       _volmd                     0000000180000000     MSVCRT:guard_support.obj
 0000:00000000       _volmd                     0000000180000000     MSVCRT:guard_support.obj
 0000:00000000       _volmd                     0000000180000000     MSVCRT:guard_support.obj
 0000:00000000       _volmd                     0000000180000000     MSVCRT:guard_support.obj
 0000:00000000       _volmd                     0000000180000000     MSVCRT:guard_support.obj
 0000:00000000       _volmd                     0000000180000000     MSVCRT:guard_support.obj
 0000:00000000       _volmd                     0000000180000000     MSVCRT:guard_support.obj
 0000:00000000       _volmd                     0000000180000000     MSVCRT:guard_support.obj
 0000:00000000       _volmd                     0000000180000000     MSVCRT:guard_support.obj
 0002:fffef000       __guard_ehcont___scrt_is_nonwritable_in_current_image 0000000180000000     MSVCRT:utility.obj
 0000:00000000       _volmd                     0000000180000000     MSVCRT:utility.obj
 0000:00000000       _volmd                     0000000180000000     MSVCRT:utility.obj
 0000:00000000       _volmd                     0000000180000000     MSVCRT:utility.obj
 0002:fffef000       __guard_fids___scrt_set_unhandled_exception_filter 0000000180000000     MSVCRT:utility_desktop.obj
 0000:00000000       _volmd                     0000000180000000     MSVCRT:utility_desktop.obj
 0002:fffef000       __guard_fids__             0000000180000000     vcruntime:softmemtag.obj
 0000:00000000       .debug$S                   0000000180000000     vcruntime:VCRUNTIME140.dll
 0000:00000000       .debug$S                   0000000180000000     vcruntime:VCRUNTIME140.dll
 0000:00000000       .debug$S                   0000000180000000     vcruntime:VCRUNTIME140.dll
 0000:00000000       .debug$S                   0000000180000000     vcruntime:VCRUNTIME140.dll
 0000:00000000       .debug$S                   0000000180000000     vcruntime:VCRUNTIME140.dll
 0000:00000000       .debug$S                   0000000180000000     vcruntime:VCRUNTIME140.dll
 0000:00000010       _volmd                     0000000180000010     balldetection_sfun.obj
 0000:00000010       _volmd                     0000000180000010     balldetection_sfun_registry.obj
 0000:00000010       _volmd                     0000000180000010     c2_balldetection.obj
 0000:00000020       _volmd                     0000000180000020     balldetection_sfun.obj
 0000:00000020       _volmd                     0000000180000020     balldetection_sfun_registry.obj
 0000:00000030       _volmd                     0000000180000030     balldetection_sfun.obj
 0000:00000030       _volmd                     0000000180000030     balldetection_sfun_registry.obj
 0000:00000040       _volmd                     0000000180000040     balldetection_sfun.obj
 0000:00000040       _volmd                     0000000180000040     balldetection_sfun_registry.obj
 0000:00000050       _volmd                     0000000180000050     balldetection_sfun.obj
 0000:00000050       _volmd                     0000000180000050     balldetection_sfun_registry.obj
 0000:00000060       _volmd                     0000000180000060     balldetection_sfun_registry.obj
 0000:00000070       _volmd                     0000000180000070     balldetection_sfun_registry.obj
 0000:00000080       _volmd                     0000000180000080     balldetection_sfun_registry.obj
 0000:00000090       _volmd                     0000000180000090     balldetection_sfun_registry.obj
 0000:000000a0       _volmd                     00000001800000a0     balldetection_sfun_registry.obj
 0000:000000b0       _volmd                     00000001800000b0     balldetection_sfun_registry.obj
 0000:000000c0       _volmd                     00000001800000c0     balldetection_sfun_registry.obj
 0000:000000d0       _volmd                     00000001800000d0     balldetection_sfun_registry.obj
 0000:000000e0       _volmd                     00000001800000e0     balldetection_sfun_registry.obj
 0000:000000f0       _volmd                     00000001800000f0     balldetection_sfun_registry.obj
 0000:00000100       _volmd                     0000000180000100     balldetection_sfun_registry.obj
 0001:00001150       initialize_c2_balldetection 0000000180002150 f   c2_balldetection.obj
 0001:000011b0       initialize_params_c2_balldetection 00000001800021b0 f   c2_balldetection.obj
 0001:000011c0       mdl_start_c2_balldetection 00000001800021c0 f   c2_balldetection.obj
 0001:000011f0       mdl_terminate_c2_balldetection 00000001800021f0 f   c2_balldetection.obj
 0001:00001200       mdl_setup_runtime_resources_c2_balldetection 0000000180002200 f   c2_balldetection.obj
 0001:00001460       mdl_cleanup_runtime_resources_c2_balldetection 0000000180002460 f   c2_balldetection.obj
 0001:000014a0       enable_c2_balldetection    00000001800024a0 f   c2_balldetection.obj
 0001:000014d0       disable_c2_balldetection   00000001800024d0 f   c2_balldetection.obj
 0001:00001500       sf_gateway_c2_balldetection 0000000180002500 f   c2_balldetection.obj
 0001:00001fc0       c2_do_animation_call_c2_balldetection 0000000180002fc0 f   c2_balldetection.obj
 0001:00002000       get_sim_state_c2_balldetection 0000000180003000 f   c2_balldetection.obj
 0001:00002170       set_sim_state_c2_balldetection 0000000180003170 f   c2_balldetection.obj
 0001:00002280       initSubchartIOPointersc2_balldetection 0000000180003280 f   c2_balldetection.obj
 0001:00002290       c2_emlrt_marshallIn        0000000180003290 f   c2_balldetection.obj
 0001:00002300       c2_b_emlrt_marshallIn      0000000180003300 f   c2_balldetection.obj
 0001:000023f0       c2_c_emlrt_marshallIn      00000001800033f0 f   c2_balldetection.obj
 0001:00002460       c2_d_emlrt_marshallIn      0000000180003460 f   c2_balldetection.obj
 0001:000024f0       c2_chart_data_browse_helper 00000001800034f0 f   c2_balldetection.obj
 0001:000027e0       $LN13                      00000001800037e0     c2_balldetection.obj
 0001:00002810       init_dsm_address_info      0000000180003810 f   c2_balldetection.obj
 0001:00002820       init_simulink_io_address   0000000180003820 f   c2_balldetection.obj
 0001:00002b70       sf_get_sim_state_info_c2_balldetection 0000000180003b70 f   c2_balldetection.obj
 0001:00002c30       sf_opaque_initialize_c2_balldetection 0000000180003c30 f   c2_balldetection.obj
 0001:00002c60       sf_opaque_enable_c2_balldetection 0000000180003c60 f   c2_balldetection.obj
 0001:00002c80       sf_opaque_disable_c2_balldetection 0000000180003c80 f   c2_balldetection.obj
 0001:00002ca0       sf_opaque_gateway_c2_balldetection 0000000180003ca0 f   c2_balldetection.obj
 0001:00002cc0       sf_opaque_get_sim_state_c2_balldetection 0000000180003cc0 f   c2_balldetection.obj
 0001:00002cf0       sf_opaque_set_sim_state_c2_balldetection 0000000180003cf0 f   c2_balldetection.obj
 0001:00002d20       sf_opaque_cleanup_runtime_resources_c2_balldetection 0000000180003d20 f   c2_balldetection.obj
 0001:00002dc0       sf_opaque_mdl_start_c2_balldetection 0000000180003dc0 f   c2_balldetection.obj
 0001:00002e00       sf_opaque_mdl_terminate_c2_balldetection 0000000180003e00 f   c2_balldetection.obj
 0001:00002e20       mdlProcessParameters_c2_balldetection 0000000180003e20 f   c2_balldetection.obj
 0001:000030d0       mdlSetWorkWidths_c2_balldetection 00000001800040d0 f   c2_balldetection.obj
 0001:00003160       mdlRTW_c2_balldetection    0000000180004160 f   c2_balldetection.obj
 0001:000031a0       mdlSetupRuntimeResources_c2_balldetection 00000001800041a0 f   c2_balldetection.obj
 0001:00005bf4       $LN197                     0000000180006bf4     balldetection_sfun_registry.obj
 0001:00006a54       $LN22                      0000000180007a54     balldetection_sfun_registry.obj
 0001:00007154       $LN26                      0000000180008154     balldetection_sfun_registry.obj
 0001:00007834       $LN24                      0000000180008834     balldetection_sfun_registry.obj
 0001:0000856c       $LN30                      000000018000956c     balldetection_sfun_registry.obj
 0001:0000bb80       ProcessMexSfunctionCmdLineCall 000000018000cb80 f   balldetection_sfun_registry.obj
 0001:0000be90       mdlSetWorkWidths           000000018000ce90 f   balldetection_sfun_registry.obj
 0001:0000bee0       mdlProcessParameters       000000018000cee0 f   balldetection_sfun_registry.obj
 0001:0000bf10       mdl_setup_runtime_resources_processing 000000018000cf10 f   balldetection_sfun_registry.obj
 0001:0000bf70       mdlSetupRuntimeResources   000000018000cf70 f   balldetection_sfun_registry.obj
 0001:0000bfa0       mdl_cleanup_runtime_resources_processing 000000018000cfa0 f   balldetection_sfun_registry.obj
 0001:0000c060       mdlCleanupRuntimeResources 000000018000d060 f   balldetection_sfun_registry.obj
[...]
 0003:00000970       $SG27498                   0000000180014970     c2_balldetection.obj
 0003:000009c0       $SG27500                   00000001800149c0     c2_balldetection.obj
 0003:00000a10       $SG27502                   0000000180014a10     c2_balldetection.obj
 0003:00000a60       $SG27504                   0000000180014a60     c2_balldetection.obj
 0003:00000ab0       $SG27542                   0000000180014ab0     c2_balldetection.obj
 0003:00000ae0       $SG27557                   0000000180014ae0     c2_balldetection.obj
 0003:00000b58       $SG26907                   0000000180014b58     balldetection_sfun_registry.obj
 0003:00000b78       $SG26909                   0000000180014b78     balldetection_sfun_registry.obj
 0003:00000b88       $SG26945                   0000000180014b88     balldetection_sfun_registry.obj
 0003:00000ba0       $SG26947                   0000000180014ba0     balldetection_sfun_registry.obj
 0003:00000bb0       $SG26983                   0000000180014bb0     balldetection_sfun_registry.obj
 0003:00000bc8       $SG26985                   0000000180014bc8     balldetection_sfun_registry.obj
 0003:00000bd8       $SG27021                   0000000180014bd8     balldetection_sfun_registry.obj
 0003:00000bf8       $SG27023                   0000000180014bf8     balldetection_sfun_registry.obj
 0003:00000c08       $SG27059                   0000000180014c08     balldetection_sfun_registry.obj
 0003:00000c28       $SG27061                   0000000180014c28     balldetection_sfun_registry.obj
 0003:00000c38       $SG27081                   0000000180014c38     balldetection_sfun_registry.obj
 0003:00000c48       $SG27099                   0000000180014c48     balldetection_sfun_registry.obj
 0003:00000c60       $SG27130                   0000000180014c60     balldetection_sfun_registry.obj
 0003:00000c70       $SG27230                   0000000180014c70     balldetection_sfun_registry.obj
 0003:00000c78       $SG27231                   0000000180014c78     balldetection_sfun_registry.obj
 0003:00000c8c       $SG27236                   0000000180014c8c     balldetection_sfun_registry.obj
 0003:00000c94       $SG29094                   0000000180014c94     balldetection_sfun_registry.obj
 0003:00000c98       $SG27237                   0000000180014c98     balldetection_sfun_registry.obj
 0003:00000cb4       $SG28007                   0000000180014cb4     balldetection_sfun_registry.obj
 0003:00000cbc       $SG29175                   0000000180014cbc     balldetection_sfun_registry.obj
 0003:00000cc0       $SG27379                   0000000180014cc0     balldetection_sfun_registry.obj
 0003:00000ce8       _sfcnName                  0000000180014ce8     balldetection_sfun_registry.obj
 0003:00000d08       $SG27800                   0000000180014d08     balldetection_sfun_registry.obj
 0003:00000d10       $SG27396                   0000000180014d10     balldetection_sfun_registry.obj
 0003:00000d88       $SG27801                   0000000180014d88     balldetection_sfun_registry.obj
 0003:00000d90       $SG27815                   0000000180014d90     balldetection_sfun_registry.obj
 0003:00000da0       $SG28005                   0000000180014da0     balldetection_sfun_registry.obj
 0003:00000de0       $SG28006                   0000000180014de0     balldetection_sfun_registry.obj
 0003:00000df0       $SG28011                   0000000180014df0     balldetection_sfun_registry.obj
 0003:00000e38       $SG28012                   0000000180014e38     balldetection_sfun_registry.obj
 0003:00000e48       $SG28013                   0000000180014e48     balldetection_sfun_registry.obj
 0003:00000e50       $SG28014                   0000000180014e50     balldetection_sfun_registry.obj
 0003:00000ea8       $SG28015                   0000000180014ea8     balldetection_sfun_registry.obj
 0003:00000eb8       $SG28016                   0000000180014eb8     balldetection_sfun_registry.obj
 0003:00000ec0       $SG28038                   0000000180014ec0     balldetection_sfun_registry.obj
 0003:00000f00       $SG28039                   0000000180014f00     balldetection_sfun_registry.obj
 0003:00000f10       $SG28040                   0000000180014f10     balldetection_sfun_registry.obj
 0003:00000f18       $SG28046                   0000000180014f18     balldetection_sfun_registry.obj
 0003:00000f20       $SG28044                   0000000180014f20     balldetection_sfun_registry.obj
 0003:00000f68       $SG28045                   0000000180014f68     balldetection_sfun_registry.obj
 0003:00000f78       $SG28049                   0000000180014f78     balldetection_sfun_registry.obj
 0003:00000f80       $SG28047                   0000000180014f80     balldetection_sfun_registry.obj
 0003:00000fd8       $SG28048                   0000000180014fd8     balldetection_sfun_registry.obj
 0003:00000fe8       $SG28075                   0000000180014fe8     balldetection_sfun_registry.obj
 0003:00000ff0       $SG28073                   0000000180014ff0     balldetection_sfun_registry.obj
 0003:00001040       $SG28074                   0000000180015040     balldetection_sfun_registry.obj
 0003:00001050       $SG28087                   0000000180015050     balldetection_sfun_registry.obj
 0003:000010b0       $SG28088                   00000001800150b0     balldetection_sfun_registry.obj
 0003:000010b8       $SG28089                   00000001800150b8     balldetection_sfun_registry.obj
 0003:000010c0       $SG28101                   00000001800150c0     balldetection_sfun_registry.obj
 0003:00001120       $SG28102                   0000000180015120     balldetection_sfun_registry.obj
 0003:00001128       $SG28103                   0000000180015128     balldetection_sfun_registry.obj
 0003:00001130       $SG28456                   0000000180015130     balldetection_sfun_registry.obj
 0003:000011a8       $SG29078                   00000001800151a8     balldetection_sfun_registry.obj
 0003:000011c0       $SG28459                   00000001800151c0     balldetection_sfun_registry.obj
 0003:00001234       $SG29149                   0000000180015234     balldetection_sfun_registry.obj
 0003:00001240       $SG28464                   0000000180015240     balldetection_sfun_registry.obj
 0003:000012b8       $SG29150                   00000001800152b8     balldetection_sfun_registry.obj
 0003:000012c0       $SG28472                   00000001800152c0     balldetection_sfun_registry.obj
 0003:00001330       $SG28747                   0000000180015330     balldetection_sfun_registry.obj
 0003:000013a8       $SG29151                   00000001800153a8     balldetection_sfun_registry.obj
 0003:000013b0       $SG28752                   00000001800153b0     balldetection_sfun_registry.obj
 0003:00001428       $SG29157                   0000000180015428     balldetection_sfun_registry.obj
 0003:00001430       $SG29091                   0000000180015430     balldetection_sfun_registry.obj
 0003:000014a8       $SG29160                   00000001800154a8     balldetection_sfun_registry.obj
 0003:000014b0       $SG29152                   00000001800154b0     balldetection_sfun_registry.obj
 0003:00001528       $SG29163                   0000000180015528     balldetection_sfun_registry.obj
 0003:00001530       $SG29154                   0000000180015530     balldetection_sfun_registry.obj
 0003:000015b0       $SG29164                   00000001800155b0     balldetection_sfun_registry.obj
 0003:00001630       $SG29165                   0000000180015630     balldetection_sfun_registry.obj
 0003:00001640       $SG29167                   0000000180015640     balldetection_sfun_registry.obj
 0003:0000164c       $SG29169                   000000018001564c     balldetection_sfun_registry.obj
 0003:00001654       $SG29171                   0000000180015654     balldetection_sfun_registry.obj
 0003:00001660       $SG29173                   0000000180015660     balldetection_sfun_registry.obj
 0003:00001670       $SG29178                   0000000180015670     balldetection_sfun_registry.obj
 0003:00001758       $SG29296                   0000000180015758     balldetection_sfun_registry.obj
 0003:00001788       $SG29297                   0000000180015788     balldetection_sfun_registry.obj
 0003:00001798       $SG29298                   0000000180015798     balldetection_sfun_registry.obj
 0003:000017a0       $SG29300                   00000001800157a0     balldetection_sfun_registry.obj
 0003:000017d8       $SG29301                   00000001800157d8     balldetection_sfun_registry.obj
 0003:000017e8       $SG29302                   00000001800157e8     balldetection_sfun_registry.obj
 0003:000017f0       $SG29305                   00000001800157f0     balldetection_sfun_registry.obj
 0003:00001828       $SG29306                   0000000180015828     balldetection_sfun_registry.obj
 0003:00001838       $SG29307                   0000000180015838     balldetection_sfun_registry.obj
 0003:00001840       $SG29309                   0000000180015840     balldetection_sfun_registry.obj
 0003:00001878       $SG29310                   0000000180015878     balldetection_sfun_registry.obj
 0003:00001888       $SG29311                   0000000180015888     balldetection_sfun_registry.obj
 0003:00001890       $SG29313                   0000000180015890     balldetection_sfun_registry.obj
 0003:000018c8       $SG29314                   00000001800158c8     balldetection_sfun_registry.obj
 0003:000018d8       $SG29315                   00000001800158d8     balldetection_sfun_registry.obj
 0003:000018e0       $SG29318                   00000001800158e0     balldetection_sfun_registry.obj
 0003:000018e8       $SG29320                   00000001800158e8     balldetection_sfun_registry.obj
 0003:00001900       $SG29321                   0000000180015900     balldetection_sfun_registry.obj
 0003:00001938       $SG29322                   0000000180015938     balldetection_sfun_registry.obj
 0003:00001948       $SG29323                   0000000180015948     balldetection_sfun_registry.obj
 0003:00001950       $SG29493                   0000000180015950     balldetection_sfun_registry.obj
 0003:00001970       $SG29494                   0000000180015970     balldetection_sfun_registry.obj
 0003:00001a00       $SG29500                   0000000180015a00     balldetection_sfun_registry.obj
 0003:00001a18       $SG29507                   0000000180015a18     balldetection_sfun_registry.obj
 0003:00001a30       $SG29501                   0000000180015a30     balldetection_sfun_registry.obj
 0003:00001ac0       $SG29508                   0000000180015ac0     balldetection_sfun_registry.obj
 0003:00001b50       $SG29514                   0000000180015b50     balldetection_sfun_registry.obj
 0003:00001b70       $SG29515                   0000000180015b70     balldetection_sfun_registry.obj
 0003:00001c00       $SG29521                   0000000180015c00     balldetection_sfun_registry.obj
 0003:00001c20       $SG29522                   0000000180015c20     balldetection_sfun_registry.obj
 0003:00001cb0       $SG29526                   0000000180015cb0     balldetection_sfun_registry.obj
 0003:00001cd0       $SG29527                   0000000180015cd0     balldetection_sfun_registry.obj
 0003:00001d60       $SG29531                   0000000180015d60     balldetection_sfun_registry.obj
 0003:00001d88       $SG29536                   0000000180015d88     balldetection_sfun_registry.obj
 0003:00001db0       $SG29532                   0000000180015db0     balldetection_sfun_registry.obj
 0003:00001e40       $SG29537                   0000000180015e40     balldetection_sfun_registry.obj
 0003:00001ed0       $SG29541                   0000000180015ed0     balldetection_sfun_registry.obj
 0003:00001ef0       $SG29542                   0000000180015ef0     balldetection_sfun_registry.obj
 0003:00001f80       $SG29546                   0000000180015f80     balldetection_sfun_registry.obj
 0003:00001fa0       $SG29547                   0000000180015fa0     balldetection_sfun_registry.obj
 0003:00002030       $SG29551                   0000000180016030     balldetection_sfun_registry.obj
 0003:00002048       $SG29587                   0000000180016048     balldetection_sfun_registry.obj
 0003:00002060       $SG29552                   0000000180016060     balldetection_sfun_registry.obj
 0003:000020f0       $SG29556                   00000001800160f0     balldetection_sfun_registry.obj
 0003:00002110       $SG29557                   0000000180016110     balldetection_sfun_registry.obj
 0003:000021a0       $SG29561                   00000001800161a0     balldetection_sfun_registry.obj
 0003:000021c0       $SG29562                   00000001800161c0     balldetection_sfun_registry.obj
 0003:00002250       $SG29566                   0000000180016250     balldetection_sfun_registry.obj
 0003:00002270       $SG29567                   0000000180016270     balldetection_sfun_registry.obj
 0003:00002300       $SG29571                   0000000180016300     balldetection_sfun_registry.obj
 0003:00002320       $SG29572                   0000000180016320     balldetection_sfun_registry.obj
 0003:000023b0       $SG29576                   00000001800163b0     balldetection_sfun_registry.obj
 0003:000023d0       $SG29577                   00000001800163d0     balldetection_sfun_registry.obj
 0003:00002460       $SG29581                   0000000180016460     balldetection_sfun_registry.obj
 0003:00002480       $SG29582                   0000000180016480     balldetection_sfun_registry.obj
 0003:00002510       $SG29588                   0000000180016510     balldetection_sfun_registry.obj
 0003:000025a0       $SG29593                   00000001800165a0     balldetection_sfun_registry.obj
 0003:000025a8       $SG29598                   00000001800165a8     balldetection_sfun_registry.obj
 0003:000025c0       $SG29594                   00000001800165c0     balldetection_sfun_registry.obj
 0003:00002650       $SG29599                   0000000180016650     balldetection_sfun_registry.obj
 0003:000026e0       $SG29603                   00000001800166e0     balldetection_sfun_registry.obj
 0003:000026f0       $SG29604                   00000001800166f0     balldetection_sfun_registry.obj
 0003:00002780       $SG29608                   0000000180016780     balldetection_sfun_registry.obj
 0003:000027a0       $SG29609                   00000001800167a0     balldetection_sfun_registry.obj
 0003:00002830       $SG29613                   0000000180016830     balldetection_sfun_registry.obj
 0003:00002850       $SG29614                   0000000180016850     balldetection_sfun_registry.obj
 0003:000028e0       $SG29618                   00000001800168e0     balldetection_sfun_registry.obj
 0003:000028f0       $SG29619                   00000001800168f0     balldetection_sfun_registry.obj
 0003:00002980       $SG29623                   0000000180016980     balldetection_sfun_registry.obj
 0003:00002990       $SG29624                   0000000180016990     balldetection_sfun_registry.obj
 0003:00002a20       $SG29628                   0000000180016a20     balldetection_sfun_registry.obj
 0003:00002a38       $SG29633                   0000000180016a38     balldetection_sfun_registry.obj
 0003:00002a50       $SG29629                   0000000180016a50     balldetection_sfun_registry.obj
 0003:00002ae0       $SG29634                   0000000180016ae0     balldetection_sfun_registry.obj
 0003:00002b70       $SG29638                   0000000180016b70     balldetection_sfun_registry.obj
 0003:00002b80       $SG29639                   0000000180016b80     balldetection_sfun_registry.obj
 0003:00002c10       $SG29647                   0000000180016c10     balldetection_sfun_registry.obj
 0003:00002c20       $SG29648                   0000000180016c20     balldetection_sfun_registry.obj
 0003:00002cb0       $SG29654                   0000000180016cb0     balldetection_sfun_registry.obj
 0003:00002cc0       $SG29655                   0000000180016cc0     balldetection_sfun_registry.obj
 0003:00002d50       $SG29659                   0000000180016d50     balldetection_sfun_registry.obj
 0003:00002d60       $SG29660                   0000000180016d60     balldetection_sfun_registry.obj
 0003:00002df0       $SG29665                   0000000180016df0     balldetection_sfun_registry.obj
 0003:00002e00       $SG29666                   0000000180016e00     balldetection_sfun_registry.obj
 0003:00002e90       $SG29670                   0000000180016e90     balldetection_sfun_registry.obj
 0003:00002f08       $SG29713                   0000000180016f08     balldetection_sfun_registry.obj
 0003:00002f18       $SG29794                   0000000180016f18     balldetection_sfun_registry.obj
 0003:00002f20       $SG29700                   0000000180016f20     balldetection_sfun_registry.obj
 0003:00003038       $SG29724                   0000000180017038     balldetection_sfun_registry.obj
 0003:00003048       $SG29737                   0000000180017048     balldetection_sfun_registry.obj
 0003:00003058       $SG29748                   0000000180017058     balldetection_sfun_registry.obj
 0003:00003068       $SG29761                   0000000180017068     balldetection_sfun_registry.obj
 0003:00003078       $SG29772                   0000000180017078     balldetection_sfun_registry.obj
 0003:00003088       $SG29782                   0000000180017088     balldetection_sfun_registry.obj
 0003:000030a8       $SG29793                   00000001800170a8     balldetection_sfun_registry.obj
 0003:000030d8       $SG29795                   00000001800170d8     balldetection_sfun_registry.obj
 0003:000030e0       $SG29806                   00000001800170e0     balldetection_sfun_registry.obj
 0003:00003118       $SG29807                   0000000180017118     balldetection_sfun_registry.obj
 0003:00003120       $SG29808                   0000000180017120     balldetection_sfun_registry.obj
 0003:00003170       sRtwOptimizationInfoStruct 0000000180017170     balldetection_sfun.obj
 0003:00003178       sOptimizationInfoFlags     0000000180017178     balldetection_sfun.obj
 0003:00003180       _sfTime_                   0000000180017180     c2_balldetection.obj
 0003:00003188       $SG27053                   0000000180017188     c2_balldetection.obj
 0003:00003189       $SG27356                   0000000180017189     c2_balldetection.obj
 0003:0000318a       $SG27357                   000000018001718a     c2_balldetection.obj
 0003:0000318b       $SG27508                   000000018001718b     c2_balldetection.obj
 0003:00003190       ?newstr@?1??sf_c2_balldetection_get_post_codegen_info@@9@9 0000000180017190     c2_balldetection.obj
 0003:00003780       sfGlobalMdlStartCallCounts 0000000180017780     balldetection_sfun_registry.obj
 0003:00003784       $SG29145                   0000000180017784     balldetection_sfun_registry.obj
 0003:00003786       ?warningGuard@?1??ssGetRootSS@@9@9 0000000180017786     balldetection_sfun_registry.obj
 0003:00003787       ?warningGuard@?1??ssGetParentSS@@9@9 0000000180017787     balldetection_sfun_registry.obj
 0003:00003790       GS_ExceptionRecord         0000000180017790     MSVCRT:gs_report.obj
 0003:00003830       GS_ContextRecord           0000000180017830     MSVCRT:gs_report.obj
 0003:00003d00       ?__proc_attached@@3HA      0000000180017d00     MSVCRT:dll_dllmain.obj
 0003:00003d40       ?is_initialized_as_dll@@3_NA 0000000180017d40     MSVCRT:utility.obj
 0003:00003d41       ?module_local_atexit_table_initialized@@3_NA 0000000180017d41     MSVCRT:utility.obj
 0003:00003d48       ?module_local_atexit_table@@3U_onexit_table_t@@A 0000000180017d48     MSVCRT:utility.obj
 0003:00003d60       ?module_local_at_quick_exit_table@@3U_onexit_table_t@@A 0000000180017d60     MSVCRT:utility.obj
